Archive member included because of file (symbol)

C:\Users\user\workspace_arm\JavaSTM32\libopencm3\lib\libopencm3_stm32f1.a(gpio.o)
                              src\main.o (gpio_set_mode)
C:\Users\user\workspace_arm\JavaSTM32\libopencm3\lib\libopencm3_stm32f1.a(rcc.o)
                              src\main.o (rcc_clock_setup_in_hse_8mhz_out_72mhz)
C:\Users\user\workspace_arm\JavaSTM32\libopencm3\lib\libopencm3_stm32f1.a(rcc_common_all.o)
                              src\main.o (rcc_periph_clock_enable)
C:\Users\user\workspace_arm\JavaSTM32\libopencm3\lib\libopencm3_stm32f1.a(flash_common_f01.o)
                              C:\Users\user\workspace_arm\JavaSTM32\libopencm3\lib\libopencm3_stm32f1.a(rcc.o) (flash_set_ws)
C:\Users\user\workspace_arm\JavaSTM32\libopencm3\lib\libopencm3_stm32f1.a(vector.o)
                              (reset_handler)
C:\Users\user\workspace_arm\JavaSTM32\libopencm3\lib\libopencm3_stm32f1.a(assert.o)
                              C:\Users\user\workspace_arm\JavaSTM32\libopencm3\lib\libopencm3_stm32f1.a(rcc.o) (cm3_assert_failed)
C:\Users\user\workspace_arm\JavaSTM32\libopencm3\lib\libopencm3_stm32f1.a(flash.o)
                              C:\Users\user\workspace_arm\JavaSTM32\libopencm3\lib\libopencm3_stm32f1.a(flash_common_f01.o) (flash_get_status_flags)
c:/ac6/systemworkbench/plugins/fr.ac6.mcu.externaltools.arm-none.win32_1.3.0.201507241045/tools/compiler/bin/../lib/gcc/arm-none-eabi/4.9.3/../../../../arm-none-eabi/lib/armv7-m\libc.a(lib_a-errno.o)
                              startup\sysmem.o (__errno)
c:/ac6/systemworkbench/plugins/fr.ac6.mcu.externaltools.arm-none.win32_1.3.0.201507241045/tools/compiler/bin/../lib/gcc/arm-none-eabi/4.9.3/../../../../arm-none-eabi/lib/armv7-m\libc.a(lib_a-exit.o)
                              c:/ac6/systemworkbench/plugins/fr.ac6.mcu.externaltools.arm-none.win32_1.3.0.201507241045/tools/compiler/bin/../lib/gcc/arm-none-eabi/4.9.3/../../../../arm-none-eabi/lib/armv7-m/crt0.o (exit)
c:/ac6/systemworkbench/plugins/fr.ac6.mcu.externaltools.arm-none.win32_1.3.0.201507241045/tools/compiler/bin/../lib/gcc/arm-none-eabi/4.9.3/../../../../arm-none-eabi/lib/armv7-m\libc.a(lib_a-impure.o)
                              c:/ac6/systemworkbench/plugins/fr.ac6.mcu.externaltools.arm-none.win32_1.3.0.201507241045/tools/compiler/bin/../lib/gcc/arm-none-eabi/4.9.3/../../../../arm-none-eabi/lib/armv7-m\libc.a(lib_a-exit.o) (_global_impure_ptr)
c:/ac6/systemworkbench/plugins/fr.ac6.mcu.externaltools.arm-none.win32_1.3.0.201507241045/tools/compiler/bin/../lib/gcc/arm-none-eabi/4.9.3/../../../../arm-none-eabi/lib/armv7-m\libc.a(lib_a-init.o)
                              c:/ac6/systemworkbench/plugins/fr.ac6.mcu.externaltools.arm-none.win32_1.3.0.201507241045/tools/compiler/bin/../lib/gcc/arm-none-eabi/4.9.3/../../../../arm-none-eabi/lib/armv7-m/crt0.o (__libc_init_array)
c:/ac6/systemworkbench/plugins/fr.ac6.mcu.externaltools.arm-none.win32_1.3.0.201507241045/tools/compiler/bin/../lib/gcc/arm-none-eabi/4.9.3/../../../../arm-none-eabi/lib/armv7-m\libc.a(lib_a-memset.o)
                              c:/ac6/systemworkbench/plugins/fr.ac6.mcu.externaltools.arm-none.win32_1.3.0.201507241045/tools/compiler/bin/../lib/gcc/arm-none-eabi/4.9.3/../../../../arm-none-eabi/lib/armv7-m/crt0.o (memset)
c:/ac6/systemworkbench/plugins/fr.ac6.mcu.externaltools.arm-none.win32_1.3.0.201507241045/tools/compiler/bin/../lib/gcc/arm-none-eabi/4.9.3/../../../../arm-none-eabi/lib/armv7-m\libc.a(lib_a-__call_atexit.o)
                              c:/ac6/systemworkbench/plugins/fr.ac6.mcu.externaltools.arm-none.win32_1.3.0.201507241045/tools/compiler/bin/../lib/gcc/arm-none-eabi/4.9.3/../../../../arm-none-eabi/lib/armv7-m\libc.a(lib_a-exit.o) (__call_exitprocs)
c:/ac6/systemworkbench/plugins/fr.ac6.mcu.externaltools.arm-none.win32_1.3.0.201507241045/tools/compiler/bin/../lib/gcc/arm-none-eabi/4.9.3/../../../../arm-none-eabi/lib/armv7-m\libc.a(lib_a-atexit.o)
                              c:/ac6/systemworkbench/plugins/fr.ac6.mcu.externaltools.arm-none.win32_1.3.0.201507241045/tools/compiler/bin/../lib/gcc/arm-none-eabi/4.9.3/../../../../arm-none-eabi/lib/armv7-m\libc.a(lib_a-__call_atexit.o) (atexit)
c:/ac6/systemworkbench/plugins/fr.ac6.mcu.externaltools.arm-none.win32_1.3.0.201507241045/tools/compiler/bin/../lib/gcc/arm-none-eabi/4.9.3/../../../../arm-none-eabi/lib/armv7-m\libc.a(lib_a-fini.o)
                              c:/ac6/systemworkbench/plugins/fr.ac6.mcu.externaltools.arm-none.win32_1.3.0.201507241045/tools/compiler/bin/../lib/gcc/arm-none-eabi/4.9.3/../../../../arm-none-eabi/lib/armv7-m\libc.a(lib_a-__call_atexit.o) (__libc_fini_array)
c:/ac6/systemworkbench/plugins/fr.ac6.mcu.externaltools.arm-none.win32_1.3.0.201507241045/tools/compiler/bin/../lib/gcc/arm-none-eabi/4.9.3/../../../../arm-none-eabi/lib/armv7-m\libc.a(lib_a-__atexit.o)
                              c:/ac6/systemworkbench/plugins/fr.ac6.mcu.externaltools.arm-none.win32_1.3.0.201507241045/tools/compiler/bin/../lib/gcc/arm-none-eabi/4.9.3/../../../../arm-none-eabi/lib/armv7-m\libc.a(lib_a-atexit.o) (__register_exitproc)

Discarded input sections

 .text          0x00000000        0x0 c:/ac6/systemworkbench/plugins/fr.ac6.mcu.externaltools.arm-none.win32_1.3.0.201507241045/tools/compiler/bin/../lib/gcc/arm-none-eabi/4.9.3/armv7-m/crti.o
 .data          0x00000000        0x0 c:/ac6/systemworkbench/plugins/fr.ac6.mcu.externaltools.arm-none.win32_1.3.0.201507241045/tools/compiler/bin/../lib/gcc/arm-none-eabi/4.9.3/armv7-m/crti.o
 .bss           0x00000000        0x0 c:/ac6/systemworkbench/plugins/fr.ac6.mcu.externaltools.arm-none.win32_1.3.0.201507241045/tools/compiler/bin/../lib/gcc/arm-none-eabi/4.9.3/armv7-m/crti.o
 .init          0x00000000        0x4 c:/ac6/systemworkbench/plugins/fr.ac6.mcu.externaltools.arm-none.win32_1.3.0.201507241045/tools/compiler/bin/../lib/gcc/arm-none-eabi/4.9.3/armv7-m/crti.o
 .data          0x00000000        0x4 c:/ac6/systemworkbench/plugins/fr.ac6.mcu.externaltools.arm-none.win32_1.3.0.201507241045/tools/compiler/bin/../lib/gcc/arm-none-eabi/4.9.3/armv7-m/crtbegin.o
 .text          0x00000000       0x74 c:/ac6/systemworkbench/plugins/fr.ac6.mcu.externaltools.arm-none.win32_1.3.0.201507241045/tools/compiler/bin/../lib/gcc/arm-none-eabi/4.9.3/../../../../arm-none-eabi/lib/armv7-m/crt0.o
 .data          0x00000000        0x0 c:/ac6/systemworkbench/plugins/fr.ac6.mcu.externaltools.arm-none.win32_1.3.0.201507241045/tools/compiler/bin/../lib/gcc/arm-none-eabi/4.9.3/../../../../arm-none-eabi/lib/armv7-m/crt0.o
 .bss           0x00000000        0x0 c:/ac6/systemworkbench/plugins/fr.ac6.mcu.externaltools.arm-none.win32_1.3.0.201507241045/tools/compiler/bin/../lib/gcc/arm-none-eabi/4.9.3/../../../../arm-none-eabi/lib/armv7-m/crt0.o
 .ARM.extab     0x00000000        0x0 c:/ac6/systemworkbench/plugins/fr.ac6.mcu.externaltools.arm-none.win32_1.3.0.201507241045/tools/compiler/bin/../lib/gcc/arm-none-eabi/4.9.3/../../../../arm-none-eabi/lib/armv7-m/crt0.o
 .ARM.exidx     0x00000000        0x8 c:/ac6/systemworkbench/plugins/fr.ac6.mcu.externaltools.arm-none.win32_1.3.0.201507241045/tools/compiler/bin/../lib/gcc/arm-none-eabi/4.9.3/../../../../arm-none-eabi/lib/armv7-m/crt0.o
 .ARM.attributes
                0x00000000       0x1b c:/ac6/systemworkbench/plugins/fr.ac6.mcu.externaltools.arm-none.win32_1.3.0.201507241045/tools/compiler/bin/../lib/gcc/arm-none-eabi/4.9.3/../../../../arm-none-eabi/lib/armv7-m/crt0.o
 .group         0x00000000        0x8 startup\sysmem.o
 .group         0x00000000        0x8 startup\sysmem.o
 .group         0x00000000        0x8 startup\sysmem.o
 .group         0x00000000        0x8 startup\sysmem.o
 .group         0x00000000        0x8 startup\sysmem.o
 .group         0x00000000        0x8 startup\sysmem.o
 .group         0x00000000        0x8 startup\sysmem.o
 .group         0x00000000        0x8 startup\sysmem.o
 .group         0x00000000        0x8 startup\sysmem.o
 .group         0x00000000        0x8 startup\sysmem.o
 .group         0x00000000        0x8 startup\sysmem.o
 .group         0x00000000        0x8 startup\sysmem.o
 .group         0x00000000        0x8 startup\sysmem.o
 .group         0x00000000        0x8 startup\sysmem.o
 .group         0x00000000        0x8 startup\sysmem.o
 .group         0x00000000        0x8 startup\sysmem.o
 .group         0x00000000        0x8 startup\sysmem.o
 .group         0x00000000        0x8 startup\sysmem.o
 .group         0x00000000        0x8 startup\sysmem.o
 .group         0x00000000        0x8 startup\sysmem.o
 .group         0x00000000        0x8 startup\sysmem.o
 .group         0x00000000        0x8 startup\sysmem.o
 .text          0x00000000        0x0 startup\sysmem.o
 .data          0x00000000        0x0 startup\sysmem.o
 .bss           0x00000000        0x4 startup\sysmem.o
 .text._sbrk    0x00000000       0x34 startup\sysmem.o
 .debug_info    0x00000000      0x11d startup\sysmem.o
 .debug_abbrev  0x00000000       0xce startup\sysmem.o
 .debug_loc     0x00000000       0x4e startup\sysmem.o
 .debug_aranges
                0x00000000       0x20 startup\sysmem.o
 .debug_ranges  0x00000000       0x10 startup\sysmem.o
 .debug_macro   0x00000000      0x116 startup\sysmem.o
 .debug_macro   0x00000000      0x874 startup\sysmem.o
 .debug_macro   0x00000000       0x10 startup\sysmem.o
 .debug_macro   0x00000000       0x58 startup\sysmem.o
 .debug_macro   0x00000000       0x22 startup\sysmem.o
 .debug_macro   0x00000000       0x35 startup\sysmem.o
 .debug_macro   0x00000000       0x9c startup\sysmem.o
 .debug_macro   0x00000000      0x166 startup\sysmem.o
 .debug_macro   0x00000000       0x4a startup\sysmem.o
 .debug_macro   0x00000000       0x52 startup\sysmem.o
 .debug_macro   0x00000000       0x16 startup\sysmem.o
 .debug_macro   0x00000000       0x43 startup\sysmem.o
 .debug_macro   0x00000000      0x180 startup\sysmem.o
 .debug_macro   0x00000000      0x23b startup\sysmem.o
 .debug_macro   0x00000000       0x16 startup\sysmem.o
 .debug_macro   0x00000000       0x35 startup\sysmem.o
 .debug_macro   0x00000000      0x29d startup\sysmem.o
 .debug_macro   0x00000000       0x10 startup\sysmem.o
 .debug_macro   0x00000000       0x10 startup\sysmem.o
 .debug_macro   0x00000000       0x22 startup\sysmem.o
 .debug_macro   0x00000000       0xbd startup\sysmem.o
 .debug_macro   0x00000000       0x16 startup\sysmem.o
 .debug_macro   0x00000000      0x196 startup\sysmem.o
 .debug_line    0x00000000      0x346 startup\sysmem.o
 .debug_str     0x00000000     0x5bd6 startup\sysmem.o
 .comment       0x00000000       0x71 startup\sysmem.o
 .debug_frame   0x00000000       0x28 startup\sysmem.o
 .ARM.attributes
                0x00000000       0x33 startup\sysmem.o
 .text          0x00000000       0x14 startup\startup_stm32.o
 .data          0x00000000        0x0 startup\startup_stm32.o
 .bss           0x00000000        0x0 startup\startup_stm32.o
 .text.Reset_Handler
                0x00000000       0x48 startup\startup_stm32.o
 .text.Default_Handler
                0x00000000        0x2 startup\startup_stm32.o
 .isr_vector    0x00000000      0x188 startup\startup_stm32.o
 .debug_line    0x00000000       0x79 startup\startup_stm32.o
 .debug_info    0x00000000       0x6b startup\startup_stm32.o
 .debug_abbrev  0x00000000       0x12 startup\startup_stm32.o
 .debug_aranges
                0x00000000       0x28 startup\startup_stm32.o
 .debug_ranges  0x00000000       0x20 startup\startup_stm32.o
 .ARM.attributes
                0x00000000       0x21 startup\startup_stm32.o
 .group         0x00000000        0x8 src\main.o
 .group         0x00000000        0x8 src\main.o
 .group         0x00000000        0x8 src\main.o
 .group         0x00000000        0x8 src\main.o
 .group         0x00000000        0x8 src\main.o
 .group         0x00000000        0x8 src\main.o
 .group         0x00000000        0x8 src\main.o
 .group         0x00000000        0x8 src\main.o
 .group         0x00000000        0x8 src\main.o
 .group         0x00000000        0x8 src\main.o
 .group         0x00000000        0x8 src\main.o
 .group         0x00000000        0x8 src\main.o
 .group         0x00000000        0x8 src\main.o
 .group         0x00000000        0x8 src\main.o
 .group         0x00000000        0x8 src\main.o
 .group         0x00000000        0x8 src\main.o
 .group         0x00000000        0x8 src\main.o
 .group         0x00000000        0x8 src\main.o
 .group         0x00000000        0x8 src\main.o
 .group         0x00000000        0x8 src\main.o
 .group         0x00000000        0x8 src\main.o
 .group         0x00000000        0x8 src\main.o
 .group         0x00000000        0x8 src\main.o
 .group         0x00000000        0x8 src\main.o
 .group         0x00000000        0x8 src\main.o
 .group         0x00000000        0x8 src\main.o
 .group         0x00000000        0x8 src\main.o
 .group         0x00000000        0x8 src\main.o
 .group         0x00000000        0x8 src\main.o
 .group         0x00000000        0x8 src\main.o
 .group         0x00000000        0x8 src\main.o
 .group         0x00000000        0x8 src\main.o
 .group         0x00000000        0x8 src\main.o
 .group         0x00000000        0x8 src\main.o
 .group         0x00000000        0x8 src\main.o
 .group         0x00000000        0x8 src\main.o
 .group         0x00000000        0x8 src\main.o
 .group         0x00000000        0x8 src\main.o
 .group         0x00000000        0x8 src\main.o
 .group         0x00000000        0x8 src\main.o
 .group         0x00000000        0x8 src\main.o
 .group         0x00000000        0x8 src\main.o
 .group         0x00000000        0x8 src\main.o
 .group         0x00000000        0x8 src\main.o
 .group         0x00000000        0x8 src\main.o
 .group         0x00000000        0x8 src\main.o
 .group         0x00000000        0x8 src\main.o
 .group         0x00000000        0x8 src\main.o
 .group         0x00000000        0x8 src\main.o
 .text          0x00000000        0x0 src\main.o
 .bss           0x00000000        0x0 src\main.o
 .text.led_on   0x00000000       0x10 src\main.o
 .text.led_off  0x00000000       0x10 src\main.o
 .debug_macro   0x00000000      0x874 src\main.o
 .debug_macro   0x00000000       0x58 src\main.o
 .debug_macro   0x00000000       0x22 src\main.o
 .debug_macro   0x00000000       0x35 src\main.o
 .debug_macro   0x00000000       0x9c src\main.o
 .debug_macro   0x00000000       0x4a src\main.o
 .debug_macro   0x00000000       0x52 src\main.o
 .debug_macro   0x00000000       0x16 src\main.o
 .debug_macro   0x00000000       0x43 src\main.o
 .debug_macro   0x00000000      0x180 src\main.o
 .debug_macro   0x00000000      0x29d src\main.o
 .debug_macro   0x00000000       0x35 src\main.o
 .debug_macro   0x00000000       0x10 src\main.o
 .debug_macro   0x00000000       0x10 src\main.o
 .debug_macro   0x00000000       0x22 src\main.o
 .debug_macro   0x00000000       0xbd src\main.o
 .debug_macro   0x00000000       0x16 src\main.o
 .debug_macro   0x00000000      0x196 src\main.o
 .group         0x00000000        0x8 jvm\ujHeap.o
 .group         0x00000000        0x8 jvm\ujHeap.o
 .group         0x00000000        0x8 jvm\ujHeap.o
 .group         0x00000000        0x8 jvm\ujHeap.o
 .group         0x00000000        0x8 jvm\ujHeap.o
 .group         0x00000000        0x8 jvm\ujHeap.o
 .group         0x00000000        0x8 jvm\ujHeap.o
 .group         0x00000000        0x8 jvm\ujHeap.o
 .group         0x00000000        0x8 jvm\ujHeap.o
 .group         0x00000000        0x8 jvm\ujHeap.o
 .group         0x00000000        0x8 jvm\ujHeap.o
 .group         0x00000000        0x8 jvm\ujHeap.o
 .group         0x00000000        0x8 jvm\ujHeap.o
 .group         0x00000000        0x8 jvm\ujHeap.o
 .group         0x00000000        0x8 jvm\ujHeap.o
 .group         0x00000000        0x8 jvm\ujHeap.o
 .group         0x00000000        0x8 jvm\ujHeap.o
 .group         0x00000000        0x8 jvm\ujHeap.o
 .group         0x00000000        0x8 jvm\ujHeap.o
 .group         0x00000000        0x8 jvm\ujHeap.o
 .group         0x00000000        0x8 jvm\ujHeap.o
 .group         0x00000000        0x8 jvm\ujHeap.o
 .group         0x00000000        0x8 jvm\ujHeap.o
 .group         0x00000000        0x8 jvm\ujHeap.o
 .text          0x00000000        0x0 jvm\ujHeap.o
 .data          0x00000000        0x0 jvm\ujHeap.o
 .text.ujHeapGetMark
                0x00000000       0x14 jvm\ujHeap.o
 .debug_macro   0x00000000      0x874 jvm\ujHeap.o
 .debug_macro   0x00000000       0x58 jvm\ujHeap.o
 .debug_macro   0x00000000       0x22 jvm\ujHeap.o
 .debug_macro   0x00000000       0x35 jvm\ujHeap.o
 .debug_macro   0x00000000       0x9c jvm\ujHeap.o
 .debug_macro   0x00000000       0x16 jvm\ujHeap.o
 .debug_macro   0x00000000       0x4a jvm\ujHeap.o
 .debug_macro   0x00000000      0x29d jvm\ujHeap.o
 .debug_macro   0x00000000       0x10 jvm\ujHeap.o
 .debug_macro   0x00000000       0x52 jvm\ujHeap.o
 .debug_macro   0x00000000       0x16 jvm\ujHeap.o
 .debug_macro   0x00000000       0x43 jvm\ujHeap.o
 .debug_macro   0x00000000      0x180 jvm\ujHeap.o
 .debug_macro   0x00000000       0x10 jvm\ujHeap.o
 .debug_macro   0x00000000       0x22 jvm\ujHeap.o
 .debug_macro   0x00000000       0xbd jvm\ujHeap.o
 .debug_macro   0x00000000       0x16 jvm\ujHeap.o
 .debug_macro   0x00000000      0x196 jvm\ujHeap.o
 .debug_macro   0x00000000       0x70 jvm\ujHeap.o
 .group         0x00000000        0x8 jvm\uj.o
 .group         0x00000000        0x8 jvm\uj.o
 .group         0x00000000        0x8 jvm\uj.o
 .group         0x00000000        0x8 jvm\uj.o
 .group         0x00000000        0x8 jvm\uj.o
 .group         0x00000000        0x8 jvm\uj.o
 .group         0x00000000        0x8 jvm\uj.o
 .group         0x00000000        0x8 jvm\uj.o
 .group         0x00000000        0x8 jvm\uj.o
 .group         0x00000000        0x8 jvm\uj.o
 .group         0x00000000        0x8 jvm\uj.o
 .group         0x00000000        0x8 jvm\uj.o
 .group         0x00000000        0x8 jvm\uj.o
 .group         0x00000000        0x8 jvm\uj.o
 .group         0x00000000        0x8 jvm\uj.o
 .group         0x00000000        0x8 jvm\uj.o
 .group         0x00000000        0x8 jvm\uj.o
 .group         0x00000000        0x8 jvm\uj.o
 .group         0x00000000        0x8 jvm\uj.o
 .group         0x00000000        0x8 jvm\uj.o
 .group         0x00000000        0x8 jvm\uj.o
 .group         0x00000000        0x8 jvm\uj.o
 .group         0x00000000        0x8 jvm\uj.o
 .group         0x00000000        0x8 jvm\uj.o
 .group         0x00000000        0x8 jvm\uj.o
 .text          0x00000000        0x0 jvm\uj.o
 .data          0x00000000        0x0 jvm\uj.o
 .text.ujThreadDbgGetPc
                0x00000000       0x14 jvm\uj.o
 .text.ujThreadPush
                0x00000000        0x4 jvm\uj.o
 .text.ujArrayLen
                0x00000000        0x6 jvm\uj.o
 .text.ujArrayGetByte
                0x00000000       0x1a jvm\uj.o
 .text.ujArrayGetShort
                0x00000000        0xa jvm\uj.o
 .text.ujArrayGetInt
                0x00000000        0x6 jvm\uj.o
 .text.ujArrayRawAccessStart
                0x00000000        0xc jvm\uj.o
 .text.ujArrayRawAccessFinish
                0x00000000        0x6 jvm\uj.o
 .text.ujGetNumInstrs
                0x00000000        0xc jvm\uj.o
 .debug_macro   0x00000000      0x874 jvm\uj.o
 .debug_macro   0x00000000       0x22 jvm\uj.o
 .debug_macro   0x00000000       0x58 jvm\uj.o
 .debug_macro   0x00000000       0x22 jvm\uj.o
 .debug_macro   0x00000000       0x35 jvm\uj.o
 .debug_macro   0x00000000       0x9c jvm\uj.o
 .debug_macro   0x00000000       0x16 jvm\uj.o
 .debug_macro   0x00000000       0x4a jvm\uj.o
 .debug_macro   0x00000000       0x97 jvm\uj.o
 .debug_macro   0x00000000      0x29d jvm\uj.o
 .debug_macro   0x00000000       0xef jvm\uj.o
 .debug_macro   0x00000000       0x10 jvm\uj.o
 .debug_macro   0x00000000       0x52 jvm\uj.o
 .debug_macro   0x00000000       0x16 jvm\uj.o
 .debug_macro   0x00000000       0x43 jvm\uj.o
 .debug_macro   0x00000000      0x180 jvm\uj.o
 .debug_macro   0x00000000       0x10 jvm\uj.o
 .debug_macro   0x00000000       0x22 jvm\uj.o
 .debug_macro   0x00000000       0xbd jvm\uj.o
 .debug_macro   0x00000000       0x16 jvm\uj.o
 .debug_macro   0x00000000      0x196 jvm\uj.o
 .debug_macro   0x00000000       0x70 jvm\uj.o
 .debug_macro   0x00000000       0x22 jvm\uj.o
 .debug_macro   0x00000000       0xc4 jvm\uj.o
 .group         0x00000000        0x8 jvm\native\native_classes.o
 .group         0x00000000        0x8 jvm\native\native_classes.o
 .group         0x00000000        0x8 jvm\native\native_classes.o
 .group         0x00000000        0x8 jvm\native\native_classes.o
 .group         0x00000000        0x8 jvm\native\native_classes.o
 .group         0x00000000        0x8 jvm\native\native_classes.o
 .group         0x00000000        0x8 jvm\native\native_classes.o
 .group         0x00000000        0x8 jvm\native\native_classes.o
 .group         0x00000000        0x8 jvm\native\native_classes.o
 .group         0x00000000        0x8 jvm\native\native_classes.o
 .group         0x00000000        0x8 jvm\native\native_classes.o
 .group         0x00000000        0x8 jvm\native\native_classes.o
 .group         0x00000000        0x8 jvm\native\native_classes.o
 .group         0x00000000        0x8 jvm\native\native_classes.o
 .group         0x00000000        0x8 jvm\native\native_classes.o
 .group         0x00000000        0x8 jvm\native\native_classes.o
 .group         0x00000000        0x8 jvm\native\native_classes.o
 .group         0x00000000        0x8 jvm\native\native_classes.o
 .group         0x00000000        0x8 jvm\native\native_classes.o
 .group         0x00000000        0x8 jvm\native\native_classes.o
 .group         0x00000000        0x8 jvm\native\native_classes.o
 .group         0x00000000        0x8 jvm\native\native_classes.o
 .group         0x00000000        0x8 jvm\native\native_classes.o
 .group         0x00000000        0x8 jvm\native\native_classes.o
 .group         0x00000000        0x8 jvm\native\native_classes.o
 .group         0x00000000        0x8 jvm\native\native_classes.o
 .group         0x00000000        0x8 jvm\native\native_classes.o
 .group         0x00000000        0x8 jvm\native\native_classes.o
 .group         0x00000000        0x8 jvm\native\native_classes.o
 .group         0x00000000        0x8 jvm\native\native_classes.o
 .group         0x00000000        0x8 jvm\native\native_classes.o
 .group         0x00000000        0x8 jvm\native\native_classes.o
 .group         0x00000000        0x8 jvm\native\native_classes.o
 .group         0x00000000        0x8 jvm\native\native_classes.o
 .group         0x00000000        0x8 jvm\native\native_classes.o
 .group         0x00000000        0x8 jvm\native\native_classes.o
 .text          0x00000000        0x0 jvm\native\native_classes.o
 .data          0x00000000        0x0 jvm\native\native_classes.o
 .bss           0x00000000        0x0 jvm\native\native_classes.o
 .debug_macro   0x00000000      0x874 jvm\native\native_classes.o
 .debug_macro   0x00000000       0x22 jvm\native\native_classes.o
 .debug_macro   0x00000000       0x58 jvm\native\native_classes.o
 .debug_macro   0x00000000       0x22 jvm\native\native_classes.o
 .debug_macro   0x00000000       0x35 jvm\native\native_classes.o
 .debug_macro   0x00000000       0x9c jvm\native\native_classes.o
 .debug_macro   0x00000000       0x16 jvm\native\native_classes.o
 .debug_macro   0x00000000       0x4a jvm\native\native_classes.o
 .debug_macro   0x00000000       0x97 jvm\native\native_classes.o
 .debug_macro   0x00000000      0x29d jvm\native\native_classes.o
 .debug_macro   0x00000000       0xef jvm\native\native_classes.o
 .debug_macro   0x00000000       0x10 jvm\native\native_classes.o
 .debug_macro   0x00000000       0x52 jvm\native\native_classes.o
 .debug_macro   0x00000000       0x16 jvm\native\native_classes.o
 .debug_macro   0x00000000       0x43 jvm\native\native_classes.o
 .debug_macro   0x00000000      0x180 jvm\native\native_classes.o
 .debug_macro   0x00000000       0x10 jvm\native\native_classes.o
 .debug_macro   0x00000000       0x22 jvm\native\native_classes.o
 .debug_macro   0x00000000       0xbd jvm\native\native_classes.o
 .debug_macro   0x00000000       0x16 jvm\native\native_classes.o
 .debug_macro   0x00000000      0x196 jvm\native\native_classes.o
 .debug_macro   0x00000000       0x70 jvm\native\native_classes.o
 .debug_macro   0x00000000       0x22 jvm\native\native_classes.o
 .debug_macro   0x00000000       0xc4 jvm\native\native_classes.o
 .debug_macro   0x00000000       0x16 jvm\native\native_classes.o
 .debug_macro   0x00000000       0x35 jvm\native\native_classes.o
 .debug_macro   0x00000000       0x16 jvm\native\native_classes.o
 .debug_macro   0x00000000       0x29 jvm\native\native_classes.o
 .debug_macro   0x00000000       0x1c jvm\native\native_classes.o
 .debug_macro   0x00000000      0x1f7 jvm\native\native_classes.o
 .debug_macro   0x00000000       0x22 jvm\native\native_classes.o
 .debug_macro   0x00000000       0xfa jvm\native\native_classes.o
 .debug_macro   0x00000000       0x52 jvm\native\native_classes.o
 .debug_macro   0x00000000      0x1ae jvm\native\native_classes.o
 .debug_macro   0x00000000       0x76 jvm\native\native_classes.o
 .debug_macro   0x00000000      0xdc7 jvm\native\native_classes.o
 .text          0x00000000        0x0 C:\Users\user\workspace_arm\JavaSTM32\libopencm3\lib\libopencm3_stm32f1.a(gpio.o)
 .data          0x00000000        0x0 C:\Users\user\workspace_arm\JavaSTM32\libopencm3\lib\libopencm3_stm32f1.a(gpio.o)
 .bss           0x00000000        0x0 C:\Users\user\workspace_arm\JavaSTM32\libopencm3\lib\libopencm3_stm32f1.a(gpio.o)
 .text.gpio_set_eventout
                0x00000000       0x10 C:\Users\user\workspace_arm\JavaSTM32\libopencm3\lib\libopencm3_stm32f1.a(gpio.o)
 .text.gpio_primary_remap
                0x00000000       0x18 C:\Users\user\workspace_arm\JavaSTM32\libopencm3\lib\libopencm3_stm32f1.a(gpio.o)
 .text.gpio_secondary_remap
                0x00000000       0x10 C:\Users\user\workspace_arm\JavaSTM32\libopencm3\lib\libopencm3_stm32f1.a(gpio.o)
 .text          0x00000000        0x0 C:\Users\user\workspace_arm\JavaSTM32\libopencm3\lib\libopencm3_stm32f1.a(rcc.o)
 .data          0x00000000        0x0 C:\Users\user\workspace_arm\JavaSTM32\libopencm3\lib\libopencm3_stm32f1.a(rcc.o)
 .bss           0x00000000        0x0 C:\Users\user\workspace_arm\JavaSTM32\libopencm3\lib\libopencm3_stm32f1.a(rcc.o)
 .text.rcc_osc_ready_int_clear
                0x00000000       0x5c C:\Users\user\workspace_arm\JavaSTM32\libopencm3\lib\libopencm3_stm32f1.a(rcc.o)
 .text.rcc_osc_ready_int_enable
                0x00000000       0x5c C:\Users\user\workspace_arm\JavaSTM32\libopencm3\lib\libopencm3_stm32f1.a(rcc.o)
 .text.rcc_osc_ready_int_disable
                0x00000000       0x5c C:\Users\user\workspace_arm\JavaSTM32\libopencm3\lib\libopencm3_stm32f1.a(rcc.o)
 .text.rcc_osc_ready_int_flag
                0x00000000       0x54 C:\Users\user\workspace_arm\JavaSTM32\libopencm3\lib\libopencm3_stm32f1.a(rcc.o)
 .text.rcc_css_int_clear
                0x00000000       0x10 C:\Users\user\workspace_arm\JavaSTM32\libopencm3\lib\libopencm3_stm32f1.a(rcc.o)
 .text.rcc_css_int_flag
                0x00000000       0x10 C:\Users\user\workspace_arm\JavaSTM32\libopencm3\lib\libopencm3_stm32f1.a(rcc.o)
 .text.rcc_osc_off
                0x00000000       0x58 C:\Users\user\workspace_arm\JavaSTM32\libopencm3\lib\libopencm3_stm32f1.a(rcc.o)
 .text.rcc_css_enable
                0x00000000       0x10 C:\Users\user\workspace_arm\JavaSTM32\libopencm3\lib\libopencm3_stm32f1.a(rcc.o)
 .text.rcc_css_disable
                0x00000000       0x10 C:\Users\user\workspace_arm\JavaSTM32\libopencm3\lib\libopencm3_stm32f1.a(rcc.o)
 .text.rcc_osc_bypass_enable
                0x00000000       0x28 C:\Users\user\workspace_arm\JavaSTM32\libopencm3\lib\libopencm3_stm32f1.a(rcc.o)
 .text.rcc_osc_bypass_disable
                0x00000000       0x28 C:\Users\user\workspace_arm\JavaSTM32\libopencm3\lib\libopencm3_stm32f1.a(rcc.o)
 .text.rcc_set_pll2_multiplication_factor
                0x00000000       0x14 C:\Users\user\workspace_arm\JavaSTM32\libopencm3\lib\libopencm3_stm32f1.a(rcc.o)
 .text.rcc_set_pll3_multiplication_factor
                0x00000000       0x14 C:\Users\user\workspace_arm\JavaSTM32\libopencm3\lib\libopencm3_stm32f1.a(rcc.o)
 .text.rcc_set_usbpre
                0x00000000       0x18 C:\Users\user\workspace_arm\JavaSTM32\libopencm3\lib\libopencm3_stm32f1.a(rcc.o)
 .text.rcc_set_prediv1
                0x00000000       0x14 C:\Users\user\workspace_arm\JavaSTM32\libopencm3\lib\libopencm3_stm32f1.a(rcc.o)
 .text.rcc_set_prediv2
                0x00000000       0x14 C:\Users\user\workspace_arm\JavaSTM32\libopencm3\lib\libopencm3_stm32f1.a(rcc.o)
 .text.rcc_set_prediv1_source
                0x00000000       0x18 C:\Users\user\workspace_arm\JavaSTM32\libopencm3\lib\libopencm3_stm32f1.a(rcc.o)
 .text.rcc_set_mco
                0x00000000       0x14 C:\Users\user\workspace_arm\JavaSTM32\libopencm3\lib\libopencm3_stm32f1.a(rcc.o)
 .text.rcc_system_clock_source
                0x00000000       0x10 C:\Users\user\workspace_arm\JavaSTM32\libopencm3\lib\libopencm3_stm32f1.a(rcc.o)
 .text.rcc_clock_setup_in_hsi_out_64mhz
                0x00000000       0x6c C:\Users\user\workspace_arm\JavaSTM32\libopencm3\lib\libopencm3_stm32f1.a(rcc.o)
 .text.rcc_clock_setup_in_hsi_out_48mhz
                0x00000000       0x7c C:\Users\user\workspace_arm\JavaSTM32\libopencm3\lib\libopencm3_stm32f1.a(rcc.o)
 .text.rcc_clock_setup_in_hsi_out_24mhz
                0x00000000       0x68 C:\Users\user\workspace_arm\JavaSTM32\libopencm3\lib\libopencm3_stm32f1.a(rcc.o)
 .text.rcc_clock_setup_in_hse_8mhz_out_24mhz
                0x00000000       0x80 C:\Users\user\workspace_arm\JavaSTM32\libopencm3\lib\libopencm3_stm32f1.a(rcc.o)
 .text.rcc_clock_setup_in_hse_12mhz_out_72mhz
                0x00000000       0x84 C:\Users\user\workspace_arm\JavaSTM32\libopencm3\lib\libopencm3_stm32f1.a(rcc.o)
 .text.rcc_clock_setup_in_hse_16mhz_out_72mhz
                0x00000000       0x84 C:\Users\user\workspace_arm\JavaSTM32\libopencm3\lib\libopencm3_stm32f1.a(rcc.o)
 .text.rcc_clock_setup_in_hse_25mhz_out_72mhz
                0x00000000       0x9c C:\Users\user\workspace_arm\JavaSTM32\libopencm3\lib\libopencm3_stm32f1.a(rcc.o)
 .text.rcc_backupdomain_reset
                0x00000000       0x18 C:\Users\user\workspace_arm\JavaSTM32\libopencm3\lib\libopencm3_stm32f1.a(rcc.o)
 .text          0x00000000        0x0 C:\Users\user\workspace_arm\JavaSTM32\libopencm3\lib\libopencm3_stm32f1.a(rcc_common_all.o)
 .data          0x00000000        0x0 C:\Users\user\workspace_arm\JavaSTM32\libopencm3\lib\libopencm3_stm32f1.a(rcc_common_all.o)
 .bss           0x00000000        0x0 C:\Users\user\workspace_arm\JavaSTM32\libopencm3\lib\libopencm3_stm32f1.a(rcc_common_all.o)
 .text.rcc_peripheral_enable_clock
                0x00000000        0x8 C:\Users\user\workspace_arm\JavaSTM32\libopencm3\lib\libopencm3_stm32f1.a(rcc_common_all.o)
 .text.rcc_peripheral_disable_clock
                0x00000000        0xa C:\Users\user\workspace_arm\JavaSTM32\libopencm3\lib\libopencm3_stm32f1.a(rcc_common_all.o)
 .text.rcc_peripheral_reset
                0x00000000        0x8 C:\Users\user\workspace_arm\JavaSTM32\libopencm3\lib\libopencm3_stm32f1.a(rcc_common_all.o)
 .text.rcc_peripheral_clear_reset
                0x00000000        0xa C:\Users\user\workspace_arm\JavaSTM32\libopencm3\lib\libopencm3_stm32f1.a(rcc_common_all.o)
 .text.rcc_periph_clock_disable
                0x00000000       0x1e C:\Users\user\workspace_arm\JavaSTM32\libopencm3\lib\libopencm3_stm32f1.a(rcc_common_all.o)
 .text.rcc_periph_reset_pulse
                0x00000000       0x24 C:\Users\user\workspace_arm\JavaSTM32\libopencm3\lib\libopencm3_stm32f1.a(rcc_common_all.o)
 .text.rcc_periph_reset_hold
                0x00000000       0x1c C:\Users\user\workspace_arm\JavaSTM32\libopencm3\lib\libopencm3_stm32f1.a(rcc_common_all.o)
 .text.rcc_periph_reset_release
                0x00000000       0x1e C:\Users\user\workspace_arm\JavaSTM32\libopencm3\lib\libopencm3_stm32f1.a(rcc_common_all.o)
 .text          0x00000000        0x0 C:\Users\user\workspace_arm\JavaSTM32\libopencm3\lib\libopencm3_stm32f1.a(flash_common_f01.o)
 .data          0x00000000        0x0 C:\Users\user\workspace_arm\JavaSTM32\libopencm3\lib\libopencm3_stm32f1.a(flash_common_f01.o)
 .bss           0x00000000        0x0 C:\Users\user\workspace_arm\JavaSTM32\libopencm3\lib\libopencm3_stm32f1.a(flash_common_f01.o)
 .text.flash_prefetch_buffer_enable
                0x00000000       0x10 C:\Users\user\workspace_arm\JavaSTM32\libopencm3\lib\libopencm3_stm32f1.a(flash_common_f01.o)
 .text.flash_prefetch_buffer_disable
                0x00000000       0x10 C:\Users\user\workspace_arm\JavaSTM32\libopencm3\lib\libopencm3_stm32f1.a(flash_common_f01.o)
 .text.flash_unlock
                0x00000000       0x24 C:\Users\user\workspace_arm\JavaSTM32\libopencm3\lib\libopencm3_stm32f1.a(flash_common_f01.o)
 .text.flash_lock
                0x00000000       0x10 C:\Users\user\workspace_arm\JavaSTM32\libopencm3\lib\libopencm3_stm32f1.a(flash_common_f01.o)
 .text.flash_clear_pgerr_flag
                0x00000000       0x10 C:\Users\user\workspace_arm\JavaSTM32\libopencm3\lib\libopencm3_stm32f1.a(flash_common_f01.o)
 .text.flash_clear_eop_flag
                0x00000000       0x10 C:\Users\user\workspace_arm\JavaSTM32\libopencm3\lib\libopencm3_stm32f1.a(flash_common_f01.o)
 .text.flash_clear_wrprterr_flag
                0x00000000       0x10 C:\Users\user\workspace_arm\JavaSTM32\libopencm3\lib\libopencm3_stm32f1.a(flash_common_f01.o)
 .text.flash_clear_bsy_flag
                0x00000000       0x10 C:\Users\user\workspace_arm\JavaSTM32\libopencm3\lib\libopencm3_stm32f1.a(flash_common_f01.o)
 .text.flash_wait_for_last_operation
                0x00000000        0xc C:\Users\user\workspace_arm\JavaSTM32\libopencm3\lib\libopencm3_stm32f1.a(flash_common_f01.o)
 .text.flash_program_word
                0x00000000       0x18 C:\Users\user\workspace_arm\JavaSTM32\libopencm3\lib\libopencm3_stm32f1.a(flash_common_f01.o)
 .text.flash_unlock_option_bytes
                0x00000000       0x18 C:\Users\user\workspace_arm\JavaSTM32\libopencm3\lib\libopencm3_stm32f1.a(flash_common_f01.o)
 .text.flash_erase_option_bytes
                0x00000000       0x34 C:\Users\user\workspace_arm\JavaSTM32\libopencm3\lib\libopencm3_stm32f1.a(flash_common_f01.o)
 .text.flash_program_option_bytes
                0x00000000       0x34 C:\Users\user\workspace_arm\JavaSTM32\libopencm3\lib\libopencm3_stm32f1.a(flash_common_f01.o)
 .text          0x00000000        0x0 C:\Users\user\workspace_arm\JavaSTM32\libopencm3\lib\libopencm3_stm32f1.a(vector.o)
 .data          0x00000000        0x0 C:\Users\user\workspace_arm\JavaSTM32\libopencm3\lib\libopencm3_stm32f1.a(vector.o)
 .bss           0x00000000        0x0 C:\Users\user\workspace_arm\JavaSTM32\libopencm3\lib\libopencm3_stm32f1.a(vector.o)
 .text          0x00000000        0x0 C:\Users\user\workspace_arm\JavaSTM32\libopencm3\lib\libopencm3_stm32f1.a(assert.o)
 .data          0x00000000        0x0 C:\Users\user\workspace_arm\JavaSTM32\libopencm3\lib\libopencm3_stm32f1.a(assert.o)
 .bss           0x00000000        0x0 C:\Users\user\workspace_arm\JavaSTM32\libopencm3\lib\libopencm3_stm32f1.a(assert.o)
 .text.cm3_assert_failed
                0x00000000        0x2 C:\Users\user\workspace_arm\JavaSTM32\libopencm3\lib\libopencm3_stm32f1.a(assert.o)
 .text.cm3_assert_failed_verbose
                0x00000000        0x6 C:\Users\user\workspace_arm\JavaSTM32\libopencm3\lib\libopencm3_stm32f1.a(assert.o)
 .debug_info    0x00000000       0xea C:\Users\user\workspace_arm\JavaSTM32\libopencm3\lib\libopencm3_stm32f1.a(assert.o)
 .debug_abbrev  0x00000000       0x86 C:\Users\user\workspace_arm\JavaSTM32\libopencm3\lib\libopencm3_stm32f1.a(assert.o)
 .debug_loc     0x00000000       0x84 C:\Users\user\workspace_arm\JavaSTM32\libopencm3\lib\libopencm3_stm32f1.a(assert.o)
 .debug_aranges
                0x00000000       0x28 C:\Users\user\workspace_arm\JavaSTM32\libopencm3\lib\libopencm3_stm32f1.a(assert.o)
 .debug_ranges  0x00000000       0x18 C:\Users\user\workspace_arm\JavaSTM32\libopencm3\lib\libopencm3_stm32f1.a(assert.o)
 .debug_line    0x00000000       0x53 C:\Users\user\workspace_arm\JavaSTM32\libopencm3\lib\libopencm3_stm32f1.a(assert.o)
 .debug_str     0x00000000      0x1c2 C:\Users\user\workspace_arm\JavaSTM32\libopencm3\lib\libopencm3_stm32f1.a(assert.o)
 .comment       0x00000000       0x71 C:\Users\user\workspace_arm\JavaSTM32\libopencm3\lib\libopencm3_stm32f1.a(assert.o)
 .ARM.attributes
                0x00000000       0x33 C:\Users\user\workspace_arm\JavaSTM32\libopencm3\lib\libopencm3_stm32f1.a(assert.o)
 .debug_frame   0x00000000       0x38 C:\Users\user\workspace_arm\JavaSTM32\libopencm3\lib\libopencm3_stm32f1.a(assert.o)
 .text          0x00000000        0x0 C:\Users\user\workspace_arm\JavaSTM32\libopencm3\lib\libopencm3_stm32f1.a(flash.o)
 .data          0x00000000        0x0 C:\Users\user\workspace_arm\JavaSTM32\libopencm3\lib\libopencm3_stm32f1.a(flash.o)
 .bss           0x00000000        0x0 C:\Users\user\workspace_arm\JavaSTM32\libopencm3\lib\libopencm3_stm32f1.a(flash.o)
 .text.flash_halfcycle_enable
                0x00000000       0x10 C:\Users\user\workspace_arm\JavaSTM32\libopencm3\lib\libopencm3_stm32f1.a(flash.o)
 .text.flash_halfcycle_disable
                0x00000000       0x10 C:\Users\user\workspace_arm\JavaSTM32\libopencm3\lib\libopencm3_stm32f1.a(flash.o)
 .text.flash_unlock_upper
                0x00000000       0x30 C:\Users\user\workspace_arm\JavaSTM32\libopencm3\lib\libopencm3_stm32f1.a(flash.o)
 .text.flash_lock_upper
                0x00000000       0x10 C:\Users\user\workspace_arm\JavaSTM32\libopencm3\lib\libopencm3_stm32f1.a(flash.o)
 .text.flash_clear_pgerr_flag_upper
                0x00000000       0x20 C:\Users\user\workspace_arm\JavaSTM32\libopencm3\lib\libopencm3_stm32f1.a(flash.o)
 .text.flash_clear_eop_flag_upper
                0x00000000       0x20 C:\Users\user\workspace_arm\JavaSTM32\libopencm3\lib\libopencm3_stm32f1.a(flash.o)
 .text.flash_clear_wrprterr_flag_upper
                0x00000000       0x20 C:\Users\user\workspace_arm\JavaSTM32\libopencm3\lib\libopencm3_stm32f1.a(flash.o)
 .text.flash_clear_bsy_flag_upper
                0x00000000       0x20 C:\Users\user\workspace_arm\JavaSTM32\libopencm3\lib\libopencm3_stm32f1.a(flash.o)
 .text.flash_clear_status_flags
                0x00000000       0x38 C:\Users\user\workspace_arm\JavaSTM32\libopencm3\lib\libopencm3_stm32f1.a(flash.o)
 .text.flash_get_status_flags
                0x00000000       0x28 C:\Users\user\workspace_arm\JavaSTM32\libopencm3\lib\libopencm3_stm32f1.a(flash.o)
 .text.flash_program_half_word
                0x00000000       0x60 C:\Users\user\workspace_arm\JavaSTM32\libopencm3\lib\libopencm3_stm32f1.a(flash.o)
 .text.flash_erase_page
                0x00000000       0x78 C:\Users\user\workspace_arm\JavaSTM32\libopencm3\lib\libopencm3_stm32f1.a(flash.o)
 .text.flash_erase_all_pages
                0x00000000       0x48 C:\Users\user\workspace_arm\JavaSTM32\libopencm3\lib\libopencm3_stm32f1.a(flash.o)
 .debug_info    0x00000000      0x27b C:\Users\user\workspace_arm\JavaSTM32\libopencm3\lib\libopencm3_stm32f1.a(flash.o)
 .debug_abbrev  0x00000000       0xf6 C:\Users\user\workspace_arm\JavaSTM32\libopencm3\lib\libopencm3_stm32f1.a(flash.o)
 .debug_loc     0x00000000       0x9c C:\Users\user\workspace_arm\JavaSTM32\libopencm3\lib\libopencm3_stm32f1.a(flash.o)
 .debug_aranges
                0x00000000       0x80 C:\Users\user\workspace_arm\JavaSTM32\libopencm3\lib\libopencm3_stm32f1.a(flash.o)
 .debug_ranges  0x00000000       0x70 C:\Users\user\workspace_arm\JavaSTM32\libopencm3\lib\libopencm3_stm32f1.a(flash.o)
 .debug_line    0x00000000      0x247 C:\Users\user\workspace_arm\JavaSTM32\libopencm3\lib\libopencm3_stm32f1.a(flash.o)
 .debug_str     0x00000000      0x361 C:\Users\user\workspace_arm\JavaSTM32\libopencm3\lib\libopencm3_stm32f1.a(flash.o)
 .comment       0x00000000       0x71 C:\Users\user\workspace_arm\JavaSTM32\libopencm3\lib\libopencm3_stm32f1.a(flash.o)
 .ARM.attributes
                0x00000000       0x33 C:\Users\user\workspace_arm\JavaSTM32\libopencm3\lib\libopencm3_stm32f1.a(flash.o)
 .debug_frame   0x00000000      0x104 C:\Users\user\workspace_arm\JavaSTM32\libopencm3\lib\libopencm3_stm32f1.a(flash.o)
 .text          0x00000000        0x0 c:/ac6/systemworkbench/plugins/fr.ac6.mcu.externaltools.arm-none.win32_1.3.0.201507241045/tools/compiler/bin/../lib/gcc/arm-none-eabi/4.9.3/../../../../arm-none-eabi/lib/armv7-m\libc.a(lib_a-errno.o)
 .data          0x00000000        0x0 c:/ac6/systemworkbench/plugins/fr.ac6.mcu.externaltools.arm-none.win32_1.3.0.201507241045/tools/compiler/bin/../lib/gcc/arm-none-eabi/4.9.3/../../../../arm-none-eabi/lib/armv7-m\libc.a(lib_a-errno.o)
 .bss           0x00000000        0x0 c:/ac6/systemworkbench/plugins/fr.ac6.mcu.externaltools.arm-none.win32_1.3.0.201507241045/tools/compiler/bin/../lib/gcc/arm-none-eabi/4.9.3/../../../../arm-none-eabi/lib/armv7-m\libc.a(lib_a-errno.o)
 .text.__errno  0x00000000        0xc c:/ac6/systemworkbench/plugins/fr.ac6.mcu.externaltools.arm-none.win32_1.3.0.201507241045/tools/compiler/bin/../lib/gcc/arm-none-eabi/4.9.3/../../../../arm-none-eabi/lib/armv7-m\libc.a(lib_a-errno.o)
 .debug_frame   0x00000000       0x20 c:/ac6/systemworkbench/plugins/fr.ac6.mcu.externaltools.arm-none.win32_1.3.0.201507241045/tools/compiler/bin/../lib/gcc/arm-none-eabi/4.9.3/../../../../arm-none-eabi/lib/armv7-m\libc.a(lib_a-errno.o)
 .ARM.attributes
                0x00000000       0x2d c:/ac6/systemworkbench/plugins/fr.ac6.mcu.externaltools.arm-none.win32_1.3.0.201507241045/tools/compiler/bin/../lib/gcc/arm-none-eabi/4.9.3/../../../../arm-none-eabi/lib/armv7-m\libc.a(lib_a-errno.o)
 .text          0x00000000        0x0 c:/ac6/systemworkbench/plugins/fr.ac6.mcu.externaltools.arm-none.win32_1.3.0.201507241045/tools/compiler/bin/../lib/gcc/arm-none-eabi/4.9.3/../../../../arm-none-eabi/lib/armv7-m\libc.a(lib_a-exit.o)
 .data          0x00000000        0x0 c:/ac6/systemworkbench/plugins/fr.ac6.mcu.externaltools.arm-none.win32_1.3.0.201507241045/tools/compiler/bin/../lib/gcc/arm-none-eabi/4.9.3/../../../../arm-none-eabi/lib/armv7-m\libc.a(lib_a-exit.o)
 .bss           0x00000000        0x0 c:/ac6/systemworkbench/plugins/fr.ac6.mcu.externaltools.arm-none.win32_1.3.0.201507241045/tools/compiler/bin/../lib/gcc/arm-none-eabi/4.9.3/../../../../arm-none-eabi/lib/armv7-m\libc.a(lib_a-exit.o)
 .text.exit     0x00000000       0x20 c:/ac6/systemworkbench/plugins/fr.ac6.mcu.externaltools.arm-none.win32_1.3.0.201507241045/tools/compiler/bin/../lib/gcc/arm-none-eabi/4.9.3/../../../../arm-none-eabi/lib/armv7-m\libc.a(lib_a-exit.o)
 .debug_frame   0x00000000       0x28 c:/ac6/systemworkbench/plugins/fr.ac6.mcu.externaltools.arm-none.win32_1.3.0.201507241045/tools/compiler/bin/../lib/gcc/arm-none-eabi/4.9.3/../../../../arm-none-eabi/lib/armv7-m\libc.a(lib_a-exit.o)
 .ARM.attributes
                0x00000000       0x2d c:/ac6/systemworkbench/plugins/fr.ac6.mcu.externaltools.arm-none.win32_1.3.0.201507241045/tools/compiler/bin/../lib/gcc/arm-none-eabi/4.9.3/../../../../arm-none-eabi/lib/armv7-m\libc.a(lib_a-exit.o)
 .text          0x00000000        0x0 c:/ac6/systemworkbench/plugins/fr.ac6.mcu.externaltools.arm-none.win32_1.3.0.201507241045/tools/compiler/bin/../lib/gcc/arm-none-eabi/4.9.3/../../../../arm-none-eabi/lib/armv7-m\libc.a(lib_a-impure.o)
 .data          0x00000000        0x0 c:/ac6/systemworkbench/plugins/fr.ac6.mcu.externaltools.arm-none.win32_1.3.0.201507241045/tools/compiler/bin/../lib/gcc/arm-none-eabi/4.9.3/../../../../arm-none-eabi/lib/armv7-m\libc.a(lib_a-impure.o)
 .bss           0x00000000        0x0 c:/ac6/systemworkbench/plugins/fr.ac6.mcu.externaltools.arm-none.win32_1.3.0.201507241045/tools/compiler/bin/../lib/gcc/arm-none-eabi/4.9.3/../../../../arm-none-eabi/lib/armv7-m\libc.a(lib_a-impure.o)
 .data._impure_ptr
                0x00000000        0x4 c:/ac6/systemworkbench/plugins/fr.ac6.mcu.externaltools.arm-none.win32_1.3.0.201507241045/tools/compiler/bin/../lib/gcc/arm-none-eabi/4.9.3/../../../../arm-none-eabi/lib/armv7-m\libc.a(lib_a-impure.o)
 .text          0x00000000        0x0 c:/ac6/systemworkbench/plugins/fr.ac6.mcu.externaltools.arm-none.win32_1.3.0.201507241045/tools/compiler/bin/../lib/gcc/arm-none-eabi/4.9.3/../../../../arm-none-eabi/lib/armv7-m\libc.a(lib_a-init.o)
 .data          0x00000000        0x0 c:/ac6/systemworkbench/plugins/fr.ac6.mcu.externaltools.arm-none.win32_1.3.0.201507241045/tools/compiler/bin/../lib/gcc/arm-none-eabi/4.9.3/../../../../arm-none-eabi/lib/armv7-m\libc.a(lib_a-init.o)
 .bss           0x00000000        0x0 c:/ac6/systemworkbench/plugins/fr.ac6.mcu.externaltools.arm-none.win32_1.3.0.201507241045/tools/compiler/bin/../lib/gcc/arm-none-eabi/4.9.3/../../../../arm-none-eabi/lib/armv7-m\libc.a(lib_a-init.o)
 .text.__libc_init_array
                0x00000000       0x50 c:/ac6/systemworkbench/plugins/fr.ac6.mcu.externaltools.arm-none.win32_1.3.0.201507241045/tools/compiler/bin/../lib/gcc/arm-none-eabi/4.9.3/../../../../arm-none-eabi/lib/armv7-m\libc.a(lib_a-init.o)
 .debug_frame   0x00000000       0x2c c:/ac6/systemworkbench/plugins/fr.ac6.mcu.externaltools.arm-none.win32_1.3.0.201507241045/tools/compiler/bin/../lib/gcc/arm-none-eabi/4.9.3/../../../../arm-none-eabi/lib/armv7-m\libc.a(lib_a-init.o)
 .ARM.attributes
                0x00000000       0x2d c:/ac6/systemworkbench/plugins/fr.ac6.mcu.externaltools.arm-none.win32_1.3.0.201507241045/tools/compiler/bin/../lib/gcc/arm-none-eabi/4.9.3/../../../../arm-none-eabi/lib/armv7-m\libc.a(lib_a-init.o)
 .text          0x00000000        0x0 c:/ac6/systemworkbench/plugins/fr.ac6.mcu.externaltools.arm-none.win32_1.3.0.201507241045/tools/compiler/bin/../lib/gcc/arm-none-eabi/4.9.3/../../../../arm-none-eabi/lib/armv7-m\libc.a(lib_a-memset.o)
 .data          0x00000000        0x0 c:/ac6/systemworkbench/plugins/fr.ac6.mcu.externaltools.arm-none.win32_1.3.0.201507241045/tools/compiler/bin/../lib/gcc/arm-none-eabi/4.9.3/../../../../arm-none-eabi/lib/armv7-m\libc.a(lib_a-memset.o)
 .bss           0x00000000        0x0 c:/ac6/systemworkbench/plugins/fr.ac6.mcu.externaltools.arm-none.win32_1.3.0.201507241045/tools/compiler/bin/../lib/gcc/arm-none-eabi/4.9.3/../../../../arm-none-eabi/lib/armv7-m\libc.a(lib_a-memset.o)
 .text.memset   0x00000000       0x9c c:/ac6/systemworkbench/plugins/fr.ac6.mcu.externaltools.arm-none.win32_1.3.0.201507241045/tools/compiler/bin/../lib/gcc/arm-none-eabi/4.9.3/../../../../arm-none-eabi/lib/armv7-m\libc.a(lib_a-memset.o)
 .debug_frame   0x00000000       0x34 c:/ac6/systemworkbench/plugins/fr.ac6.mcu.externaltools.arm-none.win32_1.3.0.201507241045/tools/compiler/bin/../lib/gcc/arm-none-eabi/4.9.3/../../../../arm-none-eabi/lib/armv7-m\libc.a(lib_a-memset.o)
 .ARM.attributes
                0x00000000       0x2d c:/ac6/systemworkbench/plugins/fr.ac6.mcu.externaltools.arm-none.win32_1.3.0.201507241045/tools/compiler/bin/../lib/gcc/arm-none-eabi/4.9.3/../../../../arm-none-eabi/lib/armv7-m\libc.a(lib_a-memset.o)
 .text          0x00000000        0x0 c:/ac6/systemworkbench/plugins/fr.ac6.mcu.externaltools.arm-none.win32_1.3.0.201507241045/tools/compiler/bin/../lib/gcc/arm-none-eabi/4.9.3/../../../../arm-none-eabi/lib/armv7-m\libc.a(lib_a-__call_atexit.o)
 .data          0x00000000        0x0 c:/ac6/systemworkbench/plugins/fr.ac6.mcu.externaltools.arm-none.win32_1.3.0.201507241045/tools/compiler/bin/../lib/gcc/arm-none-eabi/4.9.3/../../../../arm-none-eabi/lib/armv7-m\libc.a(lib_a-__call_atexit.o)
 .bss           0x00000000        0x0 c:/ac6/systemworkbench/plugins/fr.ac6.mcu.externaltools.arm-none.win32_1.3.0.201507241045/tools/compiler/bin/../lib/gcc/arm-none-eabi/4.9.3/../../../../arm-none-eabi/lib/armv7-m\libc.a(lib_a-__call_atexit.o)
 .text.__call_exitprocs
                0x00000000       0xd4 c:/ac6/systemworkbench/plugins/fr.ac6.mcu.externaltools.arm-none.win32_1.3.0.201507241045/tools/compiler/bin/../lib/gcc/arm-none-eabi/4.9.3/../../../../arm-none-eabi/lib/armv7-m\libc.a(lib_a-__call_atexit.o)
 .text          0x00000000        0x0 c:/ac6/systemworkbench/plugins/fr.ac6.mcu.externaltools.arm-none.win32_1.3.0.201507241045/tools/compiler/bin/../lib/gcc/arm-none-eabi/4.9.3/../../../../arm-none-eabi/lib/armv7-m\libc.a(lib_a-atexit.o)
 .data          0x00000000        0x0 c:/ac6/systemworkbench/plugins/fr.ac6.mcu.externaltools.arm-none.win32_1.3.0.201507241045/tools/compiler/bin/../lib/gcc/arm-none-eabi/4.9.3/../../../../arm-none-eabi/lib/armv7-m\libc.a(lib_a-atexit.o)
 .bss           0x00000000        0x0 c:/ac6/systemworkbench/plugins/fr.ac6.mcu.externaltools.arm-none.win32_1.3.0.201507241045/tools/compiler/bin/../lib/gcc/arm-none-eabi/4.9.3/../../../../arm-none-eabi/lib/armv7-m\libc.a(lib_a-atexit.o)
 .text          0x00000000        0x0 c:/ac6/systemworkbench/plugins/fr.ac6.mcu.externaltools.arm-none.win32_1.3.0.201507241045/tools/compiler/bin/../lib/gcc/arm-none-eabi/4.9.3/../../../../arm-none-eabi/lib/armv7-m\libc.a(lib_a-fini.o)
 .data          0x00000000        0x0 c:/ac6/systemworkbench/plugins/fr.ac6.mcu.externaltools.arm-none.win32_1.3.0.201507241045/tools/compiler/bin/../lib/gcc/arm-none-eabi/4.9.3/../../../../arm-none-eabi/lib/armv7-m\libc.a(lib_a-fini.o)
 .bss           0x00000000        0x0 c:/ac6/systemworkbench/plugins/fr.ac6.mcu.externaltools.arm-none.win32_1.3.0.201507241045/tools/compiler/bin/../lib/gcc/arm-none-eabi/4.9.3/../../../../arm-none-eabi/lib/armv7-m\libc.a(lib_a-fini.o)
 .text          0x00000000        0x0 c:/ac6/systemworkbench/plugins/fr.ac6.mcu.externaltools.arm-none.win32_1.3.0.201507241045/tools/compiler/bin/../lib/gcc/arm-none-eabi/4.9.3/../../../../arm-none-eabi/lib/armv7-m\libc.a(lib_a-__atexit.o)
 .data          0x00000000        0x0 c:/ac6/systemworkbench/plugins/fr.ac6.mcu.externaltools.arm-none.win32_1.3.0.201507241045/tools/compiler/bin/../lib/gcc/arm-none-eabi/4.9.3/../../../../arm-none-eabi/lib/armv7-m\libc.a(lib_a-__atexit.o)
 .bss           0x00000000        0x0 c:/ac6/systemworkbench/plugins/fr.ac6.mcu.externaltools.arm-none.win32_1.3.0.201507241045/tools/compiler/bin/../lib/gcc/arm-none-eabi/4.9.3/../../../../arm-none-eabi/lib/armv7-m\libc.a(lib_a-__atexit.o)
 .text          0x00000000        0x0 c:/ac6/systemworkbench/plugins/fr.ac6.mcu.externaltools.arm-none.win32_1.3.0.201507241045/tools/compiler/bin/../lib/gcc/arm-none-eabi/4.9.3/armv7-m/crtend.o
 .data          0x00000000        0x0 c:/ac6/systemworkbench/plugins/fr.ac6.mcu.externaltools.arm-none.win32_1.3.0.201507241045/tools/compiler/bin/../lib/gcc/arm-none-eabi/4.9.3/armv7-m/crtend.o
 .bss           0x00000000        0x0 c:/ac6/systemworkbench/plugins/fr.ac6.mcu.externaltools.arm-none.win32_1.3.0.201507241045/tools/compiler/bin/../lib/gcc/arm-none-eabi/4.9.3/armv7-m/crtend.o
 .eh_frame      0x00000000        0x4 c:/ac6/systemworkbench/plugins/fr.ac6.mcu.externaltools.arm-none.win32_1.3.0.201507241045/tools/compiler/bin/../lib/gcc/arm-none-eabi/4.9.3/armv7-m/crtend.o
 .jcr           0x00000000        0x4 c:/ac6/systemworkbench/plugins/fr.ac6.mcu.externaltools.arm-none.win32_1.3.0.201507241045/tools/compiler/bin/../lib/gcc/arm-none-eabi/4.9.3/armv7-m/crtend.o
 .ARM.attributes
                0x00000000       0x2d c:/ac6/systemworkbench/plugins/fr.ac6.mcu.externaltools.arm-none.win32_1.3.0.201507241045/tools/compiler/bin/../lib/gcc/arm-none-eabi/4.9.3/armv7-m/crtend.o
 .text          0x00000000        0x0 c:/ac6/systemworkbench/plugins/fr.ac6.mcu.externaltools.arm-none.win32_1.3.0.201507241045/tools/compiler/bin/../lib/gcc/arm-none-eabi/4.9.3/armv7-m/crtn.o
 .data          0x00000000        0x0 c:/ac6/systemworkbench/plugins/fr.ac6.mcu.externaltools.arm-none.win32_1.3.0.201507241045/tools/compiler/bin/../lib/gcc/arm-none-eabi/4.9.3/armv7-m/crtn.o
 .bss           0x00000000        0x0 c:/ac6/systemworkbench/plugins/fr.ac6.mcu.externaltools.arm-none.win32_1.3.0.201507241045/tools/compiler/bin/../lib/gcc/arm-none-eabi/4.9.3/armv7-m/crtn.o
 .init          0x00000000        0x8 c:/ac6/systemworkbench/plugins/fr.ac6.mcu.externaltools.arm-none.win32_1.3.0.201507241045/tools/compiler/bin/../lib/gcc/arm-none-eabi/4.9.3/armv7-m/crtn.o
 .fini          0x00000000        0x8 c:/ac6/systemworkbench/plugins/fr.ac6.mcu.externaltools.arm-none.win32_1.3.0.201507241045/tools/compiler/bin/../lib/gcc/arm-none-eabi/4.9.3/armv7-m/crtn.o
 .ARM.attributes
                0x00000000       0x1d c:/ac6/systemworkbench/plugins/fr.ac6.mcu.externaltools.arm-none.win32_1.3.0.201507241045/tools/compiler/bin/../lib/gcc/arm-none-eabi/4.9.3/armv7-m/crtn.o

Memory Configuration

Name             Origin             Length             Attributes
ROM              0x08000000         0x00020000         xr
RAM              0x20000000         0x00005000         xrw
*default*        0x00000000         0xffffffff

Linker script and memory map

LOAD c:/ac6/systemworkbench/plugins/fr.ac6.mcu.externaltools.arm-none.win32_1.3.0.201507241045/tools/compiler/bin/../lib/gcc/arm-none-eabi/4.9.3/armv7-m/crti.o
LOAD c:/ac6/systemworkbench/plugins/fr.ac6.mcu.externaltools.arm-none.win32_1.3.0.201507241045/tools/compiler/bin/../lib/gcc/arm-none-eabi/4.9.3/armv7-m/crtbegin.o
LOAD c:/ac6/systemworkbench/plugins/fr.ac6.mcu.externaltools.arm-none.win32_1.3.0.201507241045/tools/compiler/bin/../lib/gcc/arm-none-eabi/4.9.3/../../../../arm-none-eabi/lib/armv7-m/crt0.o
LOAD c:/ac6/systemworkbench/plugins/fr.ac6.mcu.externaltools.arm-none.win32_1.3.0.201507241045/tools/compiler/bin/../lib/gcc/arm-none-eabi/4.9.3/../../../../arm-none-eabi/lib/armv7-m\libm.a
LOAD startup\sysmem.o
LOAD startup\startup_stm32.o
LOAD src\main.o
LOAD jvm\ujHeap.o
LOAD jvm\uj.o
LOAD jvm\native\native_classes.o
LOAD C:\Users\user\workspace_arm\JavaSTM32\libopencm3\lib\libopencm3_stm32f1.a
START GROUP
LOAD c:/ac6/systemworkbench/plugins/fr.ac6.mcu.externaltools.arm-none.win32_1.3.0.201507241045/tools/compiler/bin/../lib/gcc/arm-none-eabi/4.9.3/armv7-m\libgcc.a
LOAD c:/ac6/systemworkbench/plugins/fr.ac6.mcu.externaltools.arm-none.win32_1.3.0.201507241045/tools/compiler/bin/../lib/gcc/arm-none-eabi/4.9.3/../../../../arm-none-eabi/lib/armv7-m\libc.a
END GROUP
LOAD c:/ac6/systemworkbench/plugins/fr.ac6.mcu.externaltools.arm-none.win32_1.3.0.201507241045/tools/compiler/bin/../lib/gcc/arm-none-eabi/4.9.3/armv7-m/crtend.o
LOAD c:/ac6/systemworkbench/plugins/fr.ac6.mcu.externaltools.arm-none.win32_1.3.0.201507241045/tools/compiler/bin/../lib/gcc/arm-none-eabi/4.9.3/armv7-m/crtn.o
                0x20005000                _estack = 0x20005000
                0x00000000                _Min_Heap_Size = 0x0
                0x00000400                _Min_Stack_Size = 0x400

.text           0x08000000     0x31c4
 *(.vectors)
 .vectors       0x08000000      0x150 C:\Users\user\workspace_arm\JavaSTM32\libopencm3\lib\libopencm3_stm32f1.a(vector.o)
                0x08000000                vector_table
 *(.text*)
 .text          0x08000150       0x5c c:/ac6/systemworkbench/plugins/fr.ac6.mcu.externaltools.arm-none.win32_1.3.0.201507241045/tools/compiler/bin/../lib/gcc/arm-none-eabi/4.9.3/armv7-m/crtbegin.o
 .text.ujReadClassByte
                0x080001ac        0xc src\main.o
                0x080001ac                ujReadClassByte
 .text.do_delay
                0x080001b8       0x20 src\main.o
                0x080001b8                do_delay
 .text.do_blink
                0x080001d8       0x58 src\main.o
                0x080001d8                do_blink
 .text.startup.main
                0x08000230       0xc0 src\main.o
                0x08000230                main
 .text.ujHeapPrvGetFirstChunk
                0x080002f0       0x14 jvm\ujHeap.o
 .text.ujHeapPrvFreeChunk
                0x08000304       0x94 jvm\ujHeap.o
 .text.ujHeapPrvAllocChunk
                0x08000398       0xb0 jvm\ujHeap.o
 .text.ujHeapInit
                0x08000448       0x40 jvm\ujHeap.o
                0x08000448                ujHeapInit
 .text.ujHeapHandleFree
                0x08000488       0x24 jvm\ujHeap.o
                0x08000488                ujHeapHandleFree
 .text.ujHeapHandleLock
                0x080004ac       0x1c jvm\ujHeap.o
                0x080004ac                ujHeapHandleLock
 .text.ujHeapHandleIsLocked
                0x080004c8       0x1c jvm\ujHeap.o
                0x080004c8                ujHeapHandleIsLocked
 .text.ujHeapHandleRelease
                0x080004e4       0x18 jvm\ujHeap.o
                0x080004e4                ujHeapHandleRelease
 .text.ujHeapUnmarkAll
                0x080004fc       0x28 jvm\ujHeap.o
                0x080004fc                ujHeapUnmarkAll
 .text.ujHeapFreeUnmarked
                0x08000524       0x34 jvm\ujHeap.o
                0x08000524                ujHeapFreeUnmarked
 .text.ujHeapHandleNew
                0x08000558      0x19c jvm\ujHeap.o
                0x08000558                ujHeapHandleNew
 .text.ujHeapAllocNonmovable
                0x080006f4       0x30 jvm\ujHeap.o
                0x080006f4                ujHeapAllocNonmovable
 .text.ujHeapFirstMarked
                0x08000724       0x38 jvm\ujHeap.o
                0x08000724                ujHeapFirstMarked
 .text.ujHeapMark
                0x0800075c       0x20 jvm\ujHeap.o
                0x0800075c                ujHeapMark
 .text.ujCstrlen
                0x0800077c       0x12 jvm\uj.o
 *fill*         0x0800078e        0x2 
 .text.ujPrvJavaTypeToSize
                0x08000790       0x34 jvm\uj.o
 .text.ujThreadPrvGet32
                0x080007c4       0x20 jvm\uj.o
 .text.ujThreadPrvPush
                0x080007e4       0x3c jvm\uj.o
 .text.ujThreadPrvPop
                0x08000820       0x34 jvm\uj.o
 .text.ujThreadPrvDup
                0x08000854      0x174 jvm\uj.o
 .text.ujThreadPrvLocalStore
                0x080009c8       0x38 jvm\uj.o
 .text.ujNat_Object_hashCode
                0x08000a00       0x1c jvm\uj.o
 .text.ujNat_Object_Object
                0x08000a1c        0xa jvm\uj.o
 .text.ujNat_MiniString_prv_ram_XbyteAt_
                0x08000a26       0x14 jvm\uj.o
 .text.ujNat_RT_consolePut
                0x08000a3a        0x4 jvm\uj.o
 .text.ujThreadReadBE32_ex
                0x08000a3e       0x1e jvm\uj.o
 .text.ujPrvSkipAttribute
                0x08000a5c       0x10 jvm\uj.o
 .text.ujThreadReadBE16_ex
                0x08000a6c       0x1c jvm\uj.o
 .text.ujNat_MiniString_prv_class_Xlen_
                0x08000a88       0x20 jvm\uj.o
 .text.ujThreadPrvFindConst_ex_class
                0x08000aa8       0x4e jvm\uj.o
 .text.ujNat_MiniString_prv_class_XbyteAt_
                0x08000af6       0x20 jvm\uj.o
 .text.ujThreadPrvArrayGetLength
                0x08000b16       0x14 jvm\uj.o
 .text.ujThreadPrvArrayGet4B
                0x08000b2a       0x20 jvm\uj.o
 .text.ujThreadPrvNewInstance
                0x08000b4a       0x26 jvm\uj.o
 .text.ujThreadPrvArraySet4B
                0x08000b70       0x30 jvm\uj.o
 .text.ujNat_MiniString_genericF_
                0x08000ba0       0x74 jvm\uj.o
 .text.ujNat_MiniString_Xlen_
                0x08000c14       0x1c jvm\uj.o
 .text.ujNat_MiniString_XbyteAt_
                0x08000c30       0x28 jvm\uj.o
 .text.ujThreadPrvJumpIfNeeded.part.0
                0x08000c58       0x18 jvm\uj.o
 .text.ujThreadPrvJumpIfNeeded
                0x08000c70        0xe jvm\uj.o
 .text.ujThreadPrvGoto
                0x08000c7e       0x74 jvm\uj.o
 .text.ujThreadPrvFindConst_ex
                0x08000cf2       0x10 jvm\uj.o
 .text.ujThreadPrvStrEqualProcessParam
                0x08000d02       0x4e jvm\uj.o
 .text.ujThreadProcessTrippleRef
                0x08000d50       0x90 jvm\uj.o
 .text.ujGcPrvMarkClass
                0x08000de0      0x104 jvm\uj.o
 .text.ujThreadPrvArrayBoundsCheck
                0x08000ee4       0x20 jvm\uj.o
 .text.ujThreadPrvRet.isra.6
                0x08000f04       0x84 jvm\uj.o
 .text.ujThreadPrvNewArray.part.8
                0x08000f88       0x46 jvm\uj.o
 .text.ujNat_MiniString_instGc
                0x08000fce       0x2c jvm\uj.o
 .text.ujNat_MiniString_prv_ram_Xlen_
                0x08000ffa       0x26 jvm\uj.o
 .text.ujThreadPrvArrayGet2B
                0x08001020       0x2c jvm\uj.o
 .text.ujNat_MiniString_init
                0x0800104c       0xbe jvm\uj.o
 .text.ujThreadPrvMultiNewArrayHelper
                0x0800110a       0x80 jvm\uj.o
 .text.ujThreadPrvStrEqualEx
                0x0800118a       0x78 jvm\uj.o
 *fill*         0x08001202        0x2 
 .text.ujThreadPrvFindClass
                0x08001204       0x60 jvm\uj.o
 .text.ujThreadPrvClassFromRef
                0x08001264       0x28 jvm\uj.o
 .text.ujThreadPrvInstanceof
                0x0800128c       0xe4 jvm\uj.o
 .text.ujThreadPrvGetMethodAddr
                0x08001370      0x1a0 jvm\uj.o
 .text.ujRegisterNativeClass
                0x08001510       0x60 jvm\uj.o
                0x08001510                ujRegisterNativeClass
 .text.ujLoadClass
                0x08001570      0x1f0 jvm\uj.o
                0x08001570                ujLoadClass
 .text.ujThreadCreate
                0x08001760       0x48 jvm\uj.o
                0x08001760                ujThreadCreate
 .text.ujNat_RT_threadCreate
                0x080017a8       0xa8 jvm\uj.o
 .text.ujThreadGoto
                0x08001850       0x78 jvm\uj.o
                0x08001850                ujThreadGoto
 .text.ujCanRun
                0x080018c8       0x10 jvm\uj.o
                0x080018c8                ujCanRun
 .text.ujThreadPop
                0x080018d8        0x4 jvm\uj.o
                0x080018d8                ujThreadPop
 .text.ujThreadDestroy
                0x080018dc       0x54 jvm\uj.o
                0x080018dc                ujThreadDestroy
 .text.ujInstr  0x08001930     0x1104 jvm\uj.o
                0x08001930                ujInstr
 .text.ujInit   0x08002a34       0x50 jvm\uj.o
                0x08002a34                ujInit
 .text.ujInitAllClasses
                0x08002a84       0x5c jvm\uj.o
                0x08002a84                ujInitAllClasses
 .text.ujGC     0x08002ae0      0x104 jvm\uj.o
                0x08002ae0                ujGC
 .text.native_setLed
                0x08002be4       0x28 jvm\native\native_classes.o
                0x08002be4                native_setLed
 .text.gpio_set_mode
                0x08002c0c       0x70 C:\Users\user\workspace_arm\JavaSTM32\libopencm3\lib\libopencm3_stm32f1.a(gpio.o)
                0x08002c0c                gpio_set_mode
 .text.rcc_osc_on.part.0
                0x08002c7c       0x10 C:\Users\user\workspace_arm\JavaSTM32\libopencm3\lib\libopencm3_stm32f1.a(rcc.o)
 .text.rcc_wait_for_osc_ready
                0x08002c8c       0x64 C:\Users\user\workspace_arm\JavaSTM32\libopencm3\lib\libopencm3_stm32f1.a(rcc.o)
                0x08002c8c                rcc_wait_for_osc_ready
 .text.rcc_osc_on
                0x08002cf0       0x54 C:\Users\user\workspace_arm\JavaSTM32\libopencm3\lib\libopencm3_stm32f1.a(rcc.o)
                0x08002cf0                rcc_osc_on
 .text.rcc_set_sysclk_source
                0x08002d44       0x14 C:\Users\user\workspace_arm\JavaSTM32\libopencm3\lib\libopencm3_stm32f1.a(rcc.o)
                0x08002d44                rcc_set_sysclk_source
 .text.rcc_set_pll_multiplication_factor
                0x08002d58       0x14 C:\Users\user\workspace_arm\JavaSTM32\libopencm3\lib\libopencm3_stm32f1.a(rcc.o)
                0x08002d58                rcc_set_pll_multiplication_factor
 .text.rcc_set_pll_source
                0x08002d6c       0x14 C:\Users\user\workspace_arm\JavaSTM32\libopencm3\lib\libopencm3_stm32f1.a(rcc.o)
                0x08002d6c                rcc_set_pll_source
 .text.rcc_set_pllxtpre
                0x08002d80       0x14 C:\Users\user\workspace_arm\JavaSTM32\libopencm3\lib\libopencm3_stm32f1.a(rcc.o)
                0x08002d80                rcc_set_pllxtpre
 .text.rcc_set_adcpre
                0x08002d94       0x14 C:\Users\user\workspace_arm\JavaSTM32\libopencm3\lib\libopencm3_stm32f1.a(rcc.o)
                0x08002d94                rcc_set_adcpre
 .text.rcc_set_ppre2
                0x08002da8       0x14 C:\Users\user\workspace_arm\JavaSTM32\libopencm3\lib\libopencm3_stm32f1.a(rcc.o)
                0x08002da8                rcc_set_ppre2
 .text.rcc_set_ppre1
                0x08002dbc       0x14 C:\Users\user\workspace_arm\JavaSTM32\libopencm3\lib\libopencm3_stm32f1.a(rcc.o)
                0x08002dbc                rcc_set_ppre1
 .text.rcc_set_hpre
                0x08002dd0       0x14 C:\Users\user\workspace_arm\JavaSTM32\libopencm3\lib\libopencm3_stm32f1.a(rcc.o)
                0x08002dd0                rcc_set_hpre
 .text.rcc_clock_setup_in_hse_8mhz_out_72mhz
                0x08002de4       0x84 C:\Users\user\workspace_arm\JavaSTM32\libopencm3\lib\libopencm3_stm32f1.a(rcc.o)
                0x08002de4                rcc_clock_setup_in_hse_8mhz_out_72mhz
 .text.rcc_periph_clock_enable
                0x08002e68       0x1c C:\Users\user\workspace_arm\JavaSTM32\libopencm3\lib\libopencm3_stm32f1.a(rcc_common_all.o)
                0x08002e68                rcc_periph_clock_enable
 .text.flash_set_ws
                0x08002e84       0x14 C:\Users\user\workspace_arm\JavaSTM32\libopencm3\lib\libopencm3_stm32f1.a(flash_common_f01.o)
                0x08002e84                flash_set_ws
 .text.blocking_handler
                0x08002e98        0x2 C:\Users\user\workspace_arm\JavaSTM32\libopencm3\lib\libopencm3_stm32f1.a(vector.o)
                0x08002e98                usart3_isr
                0x08002e98                rtc_isr
                0x08002e98                tim7_isr
                0x08002e98                adc1_2_isr
                0x08002e98                tim1_trg_com_isr
                0x08002e98                usb_hp_can_tx_isr
                0x08002e98                tim6_isr
                0x08002e98                usb_wakeup_isr
                0x08002e98                blocking_handler
                0x08002e98                tim5_isr
                0x08002e98                otg_fs_isr
                0x08002e98                spi1_isr
                0x08002e98                dma1_channel6_isr
                0x08002e98                exti2_isr
                0x08002e98                can_rx1_isr
                0x08002e98                dma1_channel5_isr
                0x08002e98                dma2_channel5_isr
                0x08002e98                usart1_isr
                0x08002e98                usage_fault_handler
                0x08002e98                tim8_trg_com_isr
                0x08002e98                can2_rx0_isr
                0x08002e98                tim1_brk_isr
                0x08002e98                can2_rx1_isr
                0x08002e98                tim1_cc_isr
                0x08002e98                sdio_isr
                0x08002e98                eth_isr
                0x08002e98                dma1_channel4_isr
                0x08002e98                tim8_brk_isr
                0x08002e98                dma2_channel4_5_isr
                0x08002e98                pvd_isr
                0x08002e98                rcc_isr
                0x08002e98                flash_isr
                0x08002e98                uart4_isr
                0x08002e98                rtc_alarm_isr
                0x08002e98                exti15_10_isr
                0x08002e98                hard_fault_handler
                0x08002e98                exti1_isr
                0x08002e98                i2c1_ev_isr
                0x08002e98                dma2_channel1_isr
                0x08002e98                spi2_isr
                0x08002e98                tim8_up_isr
                0x08002e98                dma2_channel2_isr
                0x08002e98                adc3_isr
                0x08002e98                exti3_isr
                0x08002e98                tim3_isr
                0x08002e98                usart2_isr
                0x08002e98                usb_lp_can_rx0_isr
                0x08002e98                i2c2_er_isr
                0x08002e98                i2c2_ev_isr
                0x08002e98                uart5_isr
                0x08002e98                fsmc_isr
                0x08002e98                dma1_channel1_isr
                0x08002e98                exti4_isr
                0x08002e98                mem_manage_handler
                0x08002e98                can2_tx_isr
                0x08002e98                exti9_5_isr
                0x08002e98                dma2_channel3_isr
                0x08002e98                dma1_channel7_isr
                0x08002e98                tim1_up_isr
                0x08002e98                can2_sce_isr
                0x08002e98                tim4_isr
                0x08002e98                dma1_channel2_isr
                0x08002e98                i2c1_er_isr
                0x08002e98                can_sce_isr
                0x08002e98                tim8_cc_isr
                0x08002e98                tamper_isr
                0x08002e98                eth_wkup_isr
                0x08002e98                bus_fault_handler
                0x08002e98                wwdg_isr
                0x08002e98                dma1_channel3_isr
                0x08002e98                spi3_isr
                0x08002e98                tim2_isr
                0x08002e98                exti0_isr
 .text.null_handler
                0x08002e9a        0x2 C:\Users\user\workspace_arm\JavaSTM32\libopencm3\lib\libopencm3_stm32f1.a(vector.o)
                0x08002e9a                sv_call_handler
                0x08002e9a                pend_sv_handler
                0x08002e9a                debug_monitor_handler
                0x08002e9a                sys_tick_handler
                0x08002e9a                nmi_handler
                0x08002e9a                null_handler
 .text.reset_handler
                0x08002e9c       0x80 C:\Users\user\workspace_arm\JavaSTM32\libopencm3\lib\libopencm3_stm32f1.a(vector.o)
                0x08002e9c                reset_handler
 .text.startup.register_fini
                0x08002f1c       0x14 c:/ac6/systemworkbench/plugins/fr.ac6.mcu.externaltools.arm-none.win32_1.3.0.201507241045/tools/compiler/bin/../lib/gcc/arm-none-eabi/4.9.3/../../../../arm-none-eabi/lib/armv7-m\libc.a(lib_a-__call_atexit.o)
 .text.atexit   0x08002f30        0xc c:/ac6/systemworkbench/plugins/fr.ac6.mcu.externaltools.arm-none.win32_1.3.0.201507241045/tools/compiler/bin/../lib/gcc/arm-none-eabi/4.9.3/../../../../arm-none-eabi/lib/armv7-m\libc.a(lib_a-atexit.o)
                0x08002f30                atexit
 .text.__libc_fini_array
                0x08002f3c       0x2c c:/ac6/systemworkbench/plugins/fr.ac6.mcu.externaltools.arm-none.win32_1.3.0.201507241045/tools/compiler/bin/../lib/gcc/arm-none-eabi/4.9.3/../../../../arm-none-eabi/lib/armv7-m\libc.a(lib_a-fini.o)
                0x08002f3c                __libc_fini_array
 .text.__register_exitproc
                0x08002f68       0xa4 c:/ac6/systemworkbench/plugins/fr.ac6.mcu.externaltools.arm-none.win32_1.3.0.201507241045/tools/compiler/bin/../lib/gcc/arm-none-eabi/4.9.3/../../../../arm-none-eabi/lib/armv7-m\libc.a(lib_a-__atexit.o)
                0x08002f68                __register_exitproc
                0x0800300c                . = ALIGN (0x4)
 *(.rodata*)
 .rodata.str1.1
                0x0800300c        0x9 src\main.o
 *fill*         0x08003015        0x3 
 .rodata        0x08003018       0xbc jvm\uj.o
 .rodata.str1.1
                0x080030d4       0xb0 jvm\uj.o
                                 0xb9 (size before relaxing)
 .rodata        0x08003184       0x24 jvm\native\native_classes.o
                0x08003184                nativeCls_UC
 .rodata.str1.1
                0x080031a8       0x13 jvm\native\native_classes.o
 *fill*         0x080031bb        0x1 
 .rodata.str1.4
                0x080031bc        0x4 c:/ac6/systemworkbench/plugins/fr.ac6.mcu.externaltools.arm-none.win32_1.3.0.201507241045/tools/compiler/bin/../lib/gcc/arm-none-eabi/4.9.3/../../../../arm-none-eabi/lib/armv7-m\libc.a(lib_a-impure.o)
 .rodata._global_impure_ptr
                0x080031c0        0x4 c:/ac6/systemworkbench/plugins/fr.ac6.mcu.externaltools.arm-none.win32_1.3.0.201507241045/tools/compiler/bin/../lib/gcc/arm-none-eabi/4.9.3/../../../../arm-none-eabi/lib/armv7-m\libc.a(lib_a-impure.o)
                0x080031c0                _global_impure_ptr
                0x080031c4                . = ALIGN (0x4)

.glue_7         0x080031c4        0x0
 .glue_7        0x00000000        0x0 linker stubs

.glue_7t        0x080031c4        0x0
 .glue_7t       0x00000000        0x0 linker stubs

.vfp11_veneer   0x080031c4        0x0
 .vfp11_veneer  0x00000000        0x0 linker stubs

.v4_bx          0x080031c4        0x0
 .v4_bx         0x00000000        0x0 linker stubs

.fini           0x080031c4        0x4
 .fini          0x080031c4        0x4 c:/ac6/systemworkbench/plugins/fr.ac6.mcu.externaltools.arm-none.win32_1.3.0.201507241045/tools/compiler/bin/../lib/gcc/arm-none-eabi/4.9.3/armv7-m/crti.o
                0x080031c4                _fini

.iplt           0x080031c8        0x0
 .iplt          0x00000000        0x0 c:/ac6/systemworkbench/plugins/fr.ac6.mcu.externaltools.arm-none.win32_1.3.0.201507241045/tools/compiler/bin/../lib/gcc/arm-none-eabi/4.9.3/armv7-m/crtbegin.o

.eh_frame       0x080031c8        0x0
 .eh_frame      0x080031c8        0x0 c:/ac6/systemworkbench/plugins/fr.ac6.mcu.externaltools.arm-none.win32_1.3.0.201507241045/tools/compiler/bin/../lib/gcc/arm-none-eabi/4.9.3/armv7-m/crtbegin.o

.rel.dyn        0x080031c8        0x0
 .rel.iplt      0x00000000        0x0 c:/ac6/systemworkbench/plugins/fr.ac6.mcu.externaltools.arm-none.win32_1.3.0.201507241045/tools/compiler/bin/../lib/gcc/arm-none-eabi/4.9.3/armv7-m/crtbegin.o

.preinit_array  0x080031c8        0x0
                0x080031c8                . = ALIGN (0x4)
                0x080031c8                __preinit_array_start = .
 *(.preinit_array)
                0x080031c8                __preinit_array_end = .

.init_array     0x080031c8        0x8
                0x080031c8                . = ALIGN (0x4)
                0x080031c8                __init_array_start = .
 *(SORT(.init_array.*))
 .init_array.00000
                0x080031c8        0x4 c:/ac6/systemworkbench/plugins/fr.ac6.mcu.externaltools.arm-none.win32_1.3.0.201507241045/tools/compiler/bin/../lib/gcc/arm-none-eabi/4.9.3/../../../../arm-none-eabi/lib/armv7-m\libc.a(lib_a-__call_atexit.o)
 *(.init_array)
 .init_array    0x080031cc        0x4 c:/ac6/systemworkbench/plugins/fr.ac6.mcu.externaltools.arm-none.win32_1.3.0.201507241045/tools/compiler/bin/../lib/gcc/arm-none-eabi/4.9.3/armv7-m/crtbegin.o
                0x080031d0                __init_array_end = .

.fini_array     0x080031d0        0x4
                0x080031d0                . = ALIGN (0x4)
                0x080031d0                __fini_array_start = .
 *(.fini_array)
 .fini_array    0x080031d0        0x4 c:/ac6/systemworkbench/plugins/fr.ac6.mcu.externaltools.arm-none.win32_1.3.0.201507241045/tools/compiler/bin/../lib/gcc/arm-none-eabi/4.9.3/armv7-m/crtbegin.o
 *(SORT(.fini_array.*))
                0x080031d4                __fini_array_end = .

.ARM.extab
 *(.ARM.extab*)

.ARM.exidx      0x080031d4        0x0
                0x080031d4                __exidx_start = .
 *(.ARM.exidx*)
                0x080031d4                __exidx_end = .
                0x080031d4                . = ALIGN (0x4)
                0x080031d4                _etext = .

.data           0x20000000      0x5f8 load address 0x080031d4
                0x20000000                _data = .
 *(.data*)
 .data          0x20000000      0x1c7 src\main.o
                0x20000000                class_bytes
 *fill*         0x200001c7        0x1 
 .data.rcc_ppre1_frequency
                0x200001c8        0x4 C:\Users\user\workspace_arm\JavaSTM32\libopencm3\lib\libopencm3_stm32f1.a(rcc.o)
                0x200001c8                rcc_ppre1_frequency
 .data.rcc_ppre2_frequency
                0x200001cc        0x4 C:\Users\user\workspace_arm\JavaSTM32\libopencm3\lib\libopencm3_stm32f1.a(rcc.o)
                0x200001cc                rcc_ppre2_frequency
 .data.impure_data
                0x200001d0      0x428 c:/ac6/systemworkbench/plugins/fr.ac6.mcu.externaltools.arm-none.win32_1.3.0.201507241045/tools/compiler/bin/../lib/gcc/arm-none-eabi/4.9.3/../../../../arm-none-eabi/lib/armv7-m\libc.a(lib_a-impure.o)
                0x200005f8                . = ALIGN (0x4)
                0x200005f8                _edata = .
                0x080031d4                _data_loadaddr = LOADADDR (.data)

.jcr            0x200005f8        0x0 load address 0x080037cc
 .jcr           0x200005f8        0x0 c:/ac6/systemworkbench/plugins/fr.ac6.mcu.externaltools.arm-none.win32_1.3.0.201507241045/tools/compiler/bin/../lib/gcc/arm-none-eabi/4.9.3/armv7-m/crtbegin.o

.igot.plt       0x200005f8        0x0 load address 0x080037cc
 .igot.plt      0x00000000        0x0 c:/ac6/systemworkbench/plugins/fr.ac6.mcu.externaltools.arm-none.win32_1.3.0.201507241045/tools/compiler/bin/../lib/gcc/arm-none-eabi/4.9.3/armv7-m/crtbegin.o

.bss            0x200005f8     0x273c load address 0x080037cc
 *(.bss*)
 .bss           0x200005f8       0x1c c:/ac6/systemworkbench/plugins/fr.ac6.mcu.externaltools.arm-none.win32_1.3.0.201507241045/tools/compiler/bin/../lib/gcc/arm-none-eabi/4.9.3/armv7-m/crtbegin.o
 .bss           0x20000614     0x2710 jvm\ujHeap.o
 .bss           0x20002d24       0x10 jvm\uj.o
 *(COMMON)
                0x20002d34                . = ALIGN (0x4)
                0x20002d34                _ebss = .

/DISCARD/
                0x20002d34                . = ALIGN (0x4)
                0x20002d34                end = .
                0x20005000                PROVIDE (_stack, (ORIGIN (RAM) + 0x5000))
OUTPUT(JavaSTM32.elf elf32-littlearm)

.ARM.attributes
                0x00000000       0x29
 .ARM.attributes
                0x00000000       0x1d c:/ac6/systemworkbench/plugins/fr.ac6.mcu.externaltools.arm-none.win32_1.3.0.201507241045/tools/compiler/bin/../lib/gcc/arm-none-eabi/4.9.3/armv7-m/crti.o
 .ARM.attributes
                0x0000001d       0x2d c:/ac6/systemworkbench/plugins/fr.ac6.mcu.externaltools.arm-none.win32_1.3.0.201507241045/tools/compiler/bin/../lib/gcc/arm-none-eabi/4.9.3/armv7-m/crtbegin.o
 .ARM.attributes
                0x0000004a       0x33 src\main.o
 .ARM.attributes
                0x0000007d       0x33 jvm\ujHeap.o
 .ARM.attributes
                0x000000b0       0x33 jvm\uj.o
 .ARM.attributes
                0x000000e3       0x33 jvm\native\native_classes.o
 .ARM.attributes
                0x00000116       0x33 C:\Users\user\workspace_arm\JavaSTM32\libopencm3\lib\libopencm3_stm32f1.a(gpio.o)
 .ARM.attributes
                0x00000149       0x33 C:\Users\user\workspace_arm\JavaSTM32\libopencm3\lib\libopencm3_stm32f1.a(rcc.o)
 .ARM.attributes
                0x0000017c       0x33 C:\Users\user\workspace_arm\JavaSTM32\libopencm3\lib\libopencm3_stm32f1.a(rcc_common_all.o)
 .ARM.attributes
                0x000001af       0x33 C:\Users\user\workspace_arm\JavaSTM32\libopencm3\lib\libopencm3_stm32f1.a(flash_common_f01.o)
 .ARM.attributes
                0x000001e2       0x33 C:\Users\user\workspace_arm\JavaSTM32\libopencm3\lib\libopencm3_stm32f1.a(vector.o)
 .ARM.attributes
                0x00000215       0x2d c:/ac6/systemworkbench/plugins/fr.ac6.mcu.externaltools.arm-none.win32_1.3.0.201507241045/tools/compiler/bin/../lib/gcc/arm-none-eabi/4.9.3/../../../../arm-none-eabi/lib/armv7-m\libc.a(lib_a-impure.o)
 .ARM.attributes
                0x00000242       0x2d c:/ac6/systemworkbench/plugins/fr.ac6.mcu.externaltools.arm-none.win32_1.3.0.201507241045/tools/compiler/bin/../lib/gcc/arm-none-eabi/4.9.3/../../../../arm-none-eabi/lib/armv7-m\libc.a(lib_a-__call_atexit.o)
 .ARM.attributes
                0x0000026f       0x2d c:/ac6/systemworkbench/plugins/fr.ac6.mcu.externaltools.arm-none.win32_1.3.0.201507241045/tools/compiler/bin/../lib/gcc/arm-none-eabi/4.9.3/../../../../arm-none-eabi/lib/armv7-m\libc.a(lib_a-atexit.o)
 .ARM.attributes
                0x0000029c       0x2d c:/ac6/systemworkbench/plugins/fr.ac6.mcu.externaltools.arm-none.win32_1.3.0.201507241045/tools/compiler/bin/../lib/gcc/arm-none-eabi/4.9.3/../../../../arm-none-eabi/lib/armv7-m\libc.a(lib_a-fini.o)
 .ARM.attributes
                0x000002c9       0x2d c:/ac6/systemworkbench/plugins/fr.ac6.mcu.externaltools.arm-none.win32_1.3.0.201507241045/tools/compiler/bin/../lib/gcc/arm-none-eabi/4.9.3/../../../../arm-none-eabi/lib/armv7-m\libc.a(lib_a-__atexit.o)

.comment        0x00000000       0xe0
 .comment       0x00000000       0x70 src\main.o
                                 0x71 (size before relaxing)
 .comment       0x00000000       0x71 jvm\ujHeap.o
 .comment       0x00000000       0x71 jvm\uj.o
 .comment       0x00000000       0x71 jvm\native\native_classes.o
 .comment       0x00000070       0x70 C:\Users\user\workspace_arm\JavaSTM32\libopencm3\lib\libopencm3_stm32f1.a(gpio.o)
                                 0x71 (size before relaxing)
 .comment       0x00000000       0x71 C:\Users\user\workspace_arm\JavaSTM32\libopencm3\lib\libopencm3_stm32f1.a(rcc.o)
 .comment       0x00000000       0x71 C:\Users\user\workspace_arm\JavaSTM32\libopencm3\lib\libopencm3_stm32f1.a(rcc_common_all.o)
 .comment       0x00000000       0x71 C:\Users\user\workspace_arm\JavaSTM32\libopencm3\lib\libopencm3_stm32f1.a(flash_common_f01.o)
 .comment       0x00000000       0x71 C:\Users\user\workspace_arm\JavaSTM32\libopencm3\lib\libopencm3_stm32f1.a(vector.o)

.debug_info     0x00000000     0x8e1d
 .debug_info    0x00000000      0x70f src\main.o
 .debug_info    0x0000070f      0x9d1 jvm\ujHeap.o
 .debug_info    0x000010e0     0x5e58 jvm\uj.o
 .debug_info    0x00006f38      0x2a3 jvm\native\native_classes.o
 .debug_info    0x000071db      0x1c8 C:\Users\user\workspace_arm\JavaSTM32\libopencm3\lib\libopencm3_stm32f1.a(gpio.o)
 .debug_info    0x000073a3     0x1064 C:\Users\user\workspace_arm\JavaSTM32\libopencm3\lib\libopencm3_stm32f1.a(rcc.o)
 .debug_info    0x00008407      0x511 C:\Users\user\workspace_arm\JavaSTM32\libopencm3\lib\libopencm3_stm32f1.a(rcc_common_all.o)
 .debug_info    0x00008918      0x27b C:\Users\user\workspace_arm\JavaSTM32\libopencm3\lib\libopencm3_stm32f1.a(flash_common_f01.o)
 .debug_info    0x00008b93      0x28a C:\Users\user\workspace_arm\JavaSTM32\libopencm3\lib\libopencm3_stm32f1.a(vector.o)

.debug_abbrev   0x00000000     0x10ad
 .debug_abbrev  0x00000000      0x20f src\main.o
 .debug_abbrev  0x0000020f      0x2d5 jvm\ujHeap.o
 .debug_abbrev  0x000004e4      0x4d0 jvm\uj.o
 .debug_abbrev  0x000009b4      0x10f jvm\native\native_classes.o
 .debug_abbrev  0x00000ac3       0xb4 C:\Users\user\workspace_arm\JavaSTM32\libopencm3\lib\libopencm3_stm32f1.a(gpio.o)
 .debug_abbrev  0x00000b77      0x26c C:\Users\user\workspace_arm\JavaSTM32\libopencm3\lib\libopencm3_stm32f1.a(rcc.o)
 .debug_abbrev  0x00000de3       0xbe C:\Users\user\workspace_arm\JavaSTM32\libopencm3\lib\libopencm3_stm32f1.a(rcc_common_all.o)
 .debug_abbrev  0x00000ea1       0xe4 C:\Users\user\workspace_arm\JavaSTM32\libopencm3\lib\libopencm3_stm32f1.a(flash_common_f01.o)
 .debug_abbrev  0x00000f85      0x128 C:\Users\user\workspace_arm\JavaSTM32\libopencm3\lib\libopencm3_stm32f1.a(vector.o)

.debug_loc      0x00000000     0x67fc
 .debug_loc     0x00000000       0xca src\main.o
 .debug_loc     0x000000ca      0x887 jvm\ujHeap.o
 .debug_loc     0x00000951     0x572e jvm\uj.o
 .debug_loc     0x0000607f       0x55 jvm\native\native_classes.o
 .debug_loc     0x000060d4      0x14f C:\Users\user\workspace_arm\JavaSTM32\libopencm3\lib\libopencm3_stm32f1.a(gpio.o)
 .debug_loc     0x00006223      0x2e8 C:\Users\user\workspace_arm\JavaSTM32\libopencm3\lib\libopencm3_stm32f1.a(rcc.o)
 .debug_loc     0x0000650b      0x129 C:\Users\user\workspace_arm\JavaSTM32\libopencm3\lib\libopencm3_stm32f1.a(rcc_common_all.o)
 .debug_loc     0x00006634       0xd3 C:\Users\user\workspace_arm\JavaSTM32\libopencm3\lib\libopencm3_stm32f1.a(flash_common_f01.o)
 .debug_loc     0x00006707       0xf5 C:\Users\user\workspace_arm\JavaSTM32\libopencm3\lib\libopencm3_stm32f1.a(vector.o)

.debug_aranges  0x00000000      0x5b8
 .debug_aranges
                0x00000000       0x48 src\main.o
 .debug_aranges
                0x00000048       0x90 jvm\ujHeap.o
 .debug_aranges
                0x000000d8      0x220 jvm\uj.o
 .debug_aranges
                0x000002f8       0x20 jvm\native\native_classes.o
 .debug_aranges
                0x00000318       0x38 C:\Users\user\workspace_arm\JavaSTM32\libopencm3\lib\libopencm3_stm32f1.a(gpio.o)
 .debug_aranges
                0x00000350      0x150 C:\Users\user\workspace_arm\JavaSTM32\libopencm3\lib\libopencm3_stm32f1.a(rcc.o)
 .debug_aranges
                0x000004a0       0x60 C:\Users\user\workspace_arm\JavaSTM32\libopencm3\lib\libopencm3_stm32f1.a(rcc_common_all.o)
 .debug_aranges
                0x00000500       0x88 C:\Users\user\workspace_arm\JavaSTM32\libopencm3\lib\libopencm3_stm32f1.a(flash_common_f01.o)
 .debug_aranges
                0x00000588       0x30 C:\Users\user\workspace_arm\JavaSTM32\libopencm3\lib\libopencm3_stm32f1.a(vector.o)

.debug_ranges   0x00000000      0xd10
 .debug_ranges  0x00000000       0x38 src\main.o
 .debug_ranges  0x00000038       0xb0 jvm\ujHeap.o
 .debug_ranges  0x000000e8      0x998 jvm\uj.o
 .debug_ranges  0x00000a80       0x10 jvm\native\native_classes.o
 .debug_ranges  0x00000a90       0x28 C:\Users\user\workspace_arm\JavaSTM32\libopencm3\lib\libopencm3_stm32f1.a(gpio.o)
 .debug_ranges  0x00000ab8      0x170 C:\Users\user\workspace_arm\JavaSTM32\libopencm3\lib\libopencm3_stm32f1.a(rcc.o)
 .debug_ranges  0x00000c28       0x50 C:\Users\user\workspace_arm\JavaSTM32\libopencm3\lib\libopencm3_stm32f1.a(rcc_common_all.o)
 .debug_ranges  0x00000c78       0x78 C:\Users\user\workspace_arm\JavaSTM32\libopencm3\lib\libopencm3_stm32f1.a(flash_common_f01.o)
 .debug_ranges  0x00000cf0       0x20 C:\Users\user\workspace_arm\JavaSTM32\libopencm3\lib\libopencm3_stm32f1.a(vector.o)

.debug_macro    0x00000000     0x3611
 .debug_macro   0x00000000      0x296 src\main.o
 .debug_macro   0x00000296       0x16 src\main.o
 .debug_macro   0x000002ac      0x10e src\main.o
 .debug_macro   0x000003ba       0x7f src\main.o
 .debug_macro   0x00000439       0x16 src\main.o
 .debug_macro   0x0000044f       0x29 src\main.o
 .debug_macro   0x00000478       0x1c src\main.o
 .debug_macro   0x00000494      0x1f7 src\main.o
 .debug_macro   0x0000068b       0x22 src\main.o
 .debug_macro   0x000006ad       0xfa src\main.o
 .debug_macro   0x000007a7       0x52 src\main.o
 .debug_macro   0x000007f9      0x1ae src\main.o
 .debug_macro   0x000009a7      0x7fb src\main.o
 .debug_macro   0x000011a2       0x76 src\main.o
 .debug_macro   0x00001218      0xdc7 src\main.o
 .debug_macro   0x00001fdf       0x6a src\main.o
 .debug_macro   0x00002049      0x16c src\main.o
 .debug_macro   0x000021b5       0x10 src\main.o
 .debug_macro   0x000021c5       0x1c src\main.o
 .debug_macro   0x000021e1       0x1c src\main.o
 .debug_macro   0x000021fd       0x1c src\main.o
 .debug_macro   0x00002219       0x70 src\main.o
 .debug_macro   0x00002289       0x22 src\main.o
 .debug_macro   0x000022ab       0xc4 src\main.o
 .debug_macro   0x0000236f      0x3a7 src\main.o
 .debug_macro   0x00002716       0x22 src\main.o
 .debug_macro   0x00002738      0x170 src\main.o
 .debug_macro   0x000028a8       0x1f src\main.o
 .debug_macro   0x000028c7       0x71 src\main.o
 .debug_macro   0x00002938      0x1a2 src\main.o
 .debug_macro   0x00002ada       0xaf src\main.o
 .debug_macro   0x00002b89      0x19c src\main.o
 .debug_macro   0x00002d25      0x142 jvm\ujHeap.o
 .debug_macro   0x00002e67       0x22 jvm\ujHeap.o
 .debug_macro   0x00002e89       0x97 jvm\ujHeap.o
 .debug_macro   0x00002f20       0xef jvm\ujHeap.o
 .debug_macro   0x0000300f       0x1c jvm\ujHeap.o
 .debug_macro   0x0000302b       0xca jvm\ujHeap.o
 .debug_macro   0x000030f5      0x31e jvm\uj.o
 .debug_macro   0x00003413       0x10 jvm\uj.o
 .debug_macro   0x00003423      0x1ee jvm\native\native_classes.o

.debug_line     0x00000000     0x33b4
 .debug_line    0x00000000      0x8f1 src\main.o
 .debug_line    0x000008f1      0x5ae jvm\ujHeap.o
 .debug_line    0x00000e9f     0x147d jvm\uj.o
 .debug_line    0x0000231c      0x585 jvm\native\native_classes.o
 .debug_line    0x000028a1      0x142 C:\Users\user\workspace_arm\JavaSTM32\libopencm3\lib\libopencm3_stm32f1.a(gpio.o)
 .debug_line    0x000029e3      0x4f5 C:\Users\user\workspace_arm\JavaSTM32\libopencm3\lib\libopencm3_stm32f1.a(rcc.o)
 .debug_line    0x00002ed8      0x1b7 C:\Users\user\workspace_arm\JavaSTM32\libopencm3\lib\libopencm3_stm32f1.a(rcc_common_all.o)
 .debug_line    0x0000308f      0x23a C:\Users\user\workspace_arm\JavaSTM32\libopencm3\lib\libopencm3_stm32f1.a(flash_common_f01.o)
 .debug_line    0x000032c9       0xeb C:\Users\user\workspace_arm\JavaSTM32\libopencm3\lib\libopencm3_stm32f1.a(vector.o)

.debug_str      0x00000000    0x12ea6
 .debug_str     0x00000000    0x10a63 src\main.o
                              0x10c81 (size before relaxing)
 .debug_str     0x00010a63      0x259 jvm\ujHeap.o
                               0x5ea8 (size before relaxing)
 .debug_str     0x00010cbc     0x168d jvm\uj.o
                               0x74f0 (size before relaxing)
 .debug_str     0x00012349       0x47 jvm\native\native_classes.o
                               0xae64 (size before relaxing)
 .debug_str     0x00012390      0x158 C:\Users\user\workspace_arm\JavaSTM32\libopencm3\lib\libopencm3_stm32f1.a(gpio.o)
                                0x230 (size before relaxing)
 .debug_str     0x000124e8      0x3d3 C:\Users\user\workspace_arm\JavaSTM32\libopencm3\lib\libopencm3_stm32f1.a(rcc.o)
                                0x598 (size before relaxing)
 .debug_str     0x000128bb      0x2bf C:\Users\user\workspace_arm\JavaSTM32\libopencm3\lib\libopencm3_stm32f1.a(rcc_common_all.o)
                                0x69c (size before relaxing)
 .debug_str     0x00012b7a      0x181 C:\Users\user\workspace_arm\JavaSTM32\libopencm3\lib\libopencm3_stm32f1.a(flash_common_f01.o)
                                0x31e (size before relaxing)
 .debug_str     0x00012cfb      0x1ab C:\Users\user\workspace_arm\JavaSTM32\libopencm3\lib\libopencm3_stm32f1.a(vector.o)
                                0x322 (size before relaxing)

.debug_frame    0x00000000      0xf7c
 .debug_frame   0x00000000       0x90 src\main.o
 .debug_frame   0x00000090      0x168 jvm\ujHeap.o
 .debug_frame   0x000001f8      0x760 jvm\uj.o
 .debug_frame   0x00000958       0x28 jvm\native\native_classes.o
 .debug_frame   0x00000980       0x64 C:\Users\user\workspace_arm\JavaSTM32\libopencm3\lib\libopencm3_stm32f1.a(gpio.o)
 .debug_frame   0x000009e4      0x2c8 C:\Users\user\workspace_arm\JavaSTM32\libopencm3\lib\libopencm3_stm32f1.a(rcc.o)
 .debug_frame   0x00000cac       0xa0 C:\Users\user\workspace_arm\JavaSTM32\libopencm3\lib\libopencm3_stm32f1.a(rcc_common_all.o)
 .debug_frame   0x00000d4c      0x118 C:\Users\user\workspace_arm\JavaSTM32\libopencm3\lib\libopencm3_stm32f1.a(flash_common_f01.o)
 .debug_frame   0x00000e64       0x40 C:\Users\user\workspace_arm\JavaSTM32\libopencm3\lib\libopencm3_stm32f1.a(vector.o)
 .debug_frame   0x00000ea4       0x50 c:/ac6/systemworkbench/plugins/fr.ac6.mcu.externaltools.arm-none.win32_1.3.0.201507241045/tools/compiler/bin/../lib/gcc/arm-none-eabi/4.9.3/../../../../arm-none-eabi/lib/armv7-m\libc.a(lib_a-__call_atexit.o)
 .debug_frame   0x00000ef4       0x20 c:/ac6/systemworkbench/plugins/fr.ac6.mcu.externaltools.arm-none.win32_1.3.0.201507241045/tools/compiler/bin/../lib/gcc/arm-none-eabi/4.9.3/../../../../arm-none-eabi/lib/armv7-m\libc.a(lib_a-atexit.o)
 .debug_frame   0x00000f14       0x34 c:/ac6/systemworkbench/plugins/fr.ac6.mcu.externaltools.arm-none.win32_1.3.0.201507241045/tools/compiler/bin/../lib/gcc/arm-none-eabi/4.9.3/../../../../arm-none-eabi/lib/armv7-m\libc.a(lib_a-fini.o)
 .debug_frame   0x00000f48       0x34 c:/ac6/systemworkbench/plugins/fr.ac6.mcu.externaltools.arm-none.win32_1.3.0.201507241045/tools/compiler/bin/../lib/gcc/arm-none-eabi/4.9.3/../../../../arm-none-eabi/lib/armv7-m\libc.a(lib_a-__atexit.o)
